

================================================================
== Vitis HLS Report for 'c_CompactClassificationECOC_pre_1'
================================================================
* Date:           Sat Dec 24 04:25:09 2022

* Version:        2022.2 (Build 3670227 on Oct 13 2022)
* Project:        SVM_speech_30
* Solution:       solution1 (Vivado IP Flow Target)
* Product family: zynq
* Target device:  xc7z020-clg400-1


================================================================
== Performance Estimates
================================================================
+ Timing: 
    * Summary: 
    +--------+---------+-----------+------------+
    |  Clock |  Target | Estimated | Uncertainty|
    +--------+---------+-----------+------------+
    |ap_clk  |  0.10 us|  72.710 ns|    27.00 ns|
    +--------+---------+-----------+------------+

+ Latency: 
    * Summary: 
    +---------+---------+-----------+-----------+-----+-----+---------+
    |  Latency (cycles) |   Latency (absolute)  |  Interval | Pipeline|
    |   min   |   max   |    min    |    max    | min | max |   Type  |
    +---------+---------+-----------+-----------+-----+-----+---------+
    |      181|      197|  18.100 us|  19.700 us|  181|  197|       no|
    +---------+---------+-----------+-----------+-----+-----+---------+

    + Detail: 
        * Instance: 
        +-------------------------+----------+---------+---------+----------+----------+-----+-----+---------+
        |                         |          |  Latency (cycles) |  Latency (absolute) |  Interval | Pipeline|
        |         Instance        |  Module  |   min   |   max   |    min   |    max   | min | max |   Type  |
        +-------------------------+----------+---------+---------+----------+----------+-----+-----+---------+
        |grp_rtIsNaNF_fu_4169     |rtIsNaNF  |        0|        0|      0 ns|      0 ns|    0|    0|       no|
        |grp_rtIsNaNF_fu_4174     |rtIsNaNF  |        0|        0|      0 ns|      0 ns|    0|    0|       no|
        |grp_rtIsNaNF_fu_4179     |rtIsNaNF  |        0|        0|      0 ns|      0 ns|    0|    0|       no|
        |grp_rtIsNaNF_fu_4184     |rtIsNaNF  |        0|        0|      0 ns|      0 ns|    0|    0|       no|
        |grp_rtIsNaNF_fu_4189     |rtIsNaNF  |        0|        0|      0 ns|      0 ns|    0|    0|       no|
        |grp_rtIsNaNF_fu_4194     |rtIsNaNF  |        0|        0|      0 ns|      0 ns|    0|    0|       no|
        |tmp_35_rtIsNaNF_fu_4199  |rtIsNaNF  |        0|        0|      0 ns|      0 ns|    0|    0|       no|
        |tmp_37_rtIsNaNF_fu_4204  |rtIsNaNF  |        0|        0|      0 ns|      0 ns|    0|    0|       no|
        |tmp_42_rtIsNaNF_fu_4209  |rtIsNaNF  |        0|        0|      0 ns|      0 ns|    0|    0|       no|
        |tmp_47_rtIsNaNF_fu_4214  |rtIsNaNF  |        0|        0|      0 ns|      0 ns|    0|    0|       no|
        |tmp_52_rtIsNaNF_fu_4219  |rtIsNaNF  |        0|        0|      0 ns|      0 ns|    0|    0|       no|
        |tmp_56_rtIsNaNF_fu_4224  |rtIsNaNF  |        0|        0|      0 ns|      0 ns|    0|    0|       no|
        +-------------------------+----------+---------+---------+----------+----------+-----+-----+---------+

        * Loop: 
        N/A



================================================================
== Utilization Estimates
================================================================
* Summary: 
+-----------------+---------+-----+--------+-------+-----+
|       Name      | BRAM_18K| DSP |   FF   |  LUT  | URAM|
+-----------------+---------+-----+--------+-------+-----+
|DSP              |        -|    -|       -|      -|    -|
|Expression       |        -|    -|       0|   5267|    -|
|FIFO             |        -|    -|       -|      -|    -|
|Instance         |        -|   31|    1416|   5124|    -|
|Memory           |        0|    -|      64|      3|    0|
|Multiplexer      |        -|    -|       -|   7160|    -|
|Register         |        -|    -|    4863|      -|    -|
+-----------------+---------+-----+--------+-------+-----+
|Total            |        0|   31|    6343|  17554|    0|
+-----------------+---------+-----+--------+-------+-----+
|Available        |      280|  220|  106400|  53200|    0|
+-----------------+---------+-----+--------+-------+-----+
|Utilization (%)  |        0|   14|       5|     32|    0|
+-----------------+---------+-----+--------+-------+-----+

+ Detail: 
    * Instance: 
    +----------------------------------------+------------------------------------+---------+----+-----+-----+-----+
    |                Instance                |               Module               | BRAM_18K| DSP|  FF | LUT | URAM|
    +----------------------------------------+------------------------------------+---------+----+-----+-----+-----+
    |fadd_32ns_32ns_32_2_full_dsp_1_U31      |fadd_32ns_32ns_32_2_full_dsp_1      |        0|   2|  177|  385|    0|
    |faddfsub_32ns_32ns_32_2_full_dsp_1_U24  |faddfsub_32ns_32ns_32_2_full_dsp_1  |        0|   2|  177|  385|    0|
    |faddfsub_32ns_32ns_32_2_full_dsp_1_U25  |faddfsub_32ns_32ns_32_2_full_dsp_1  |        0|   2|  177|  385|    0|
    |faddfsub_32ns_32ns_32_2_full_dsp_1_U26  |faddfsub_32ns_32ns_32_2_full_dsp_1  |        0|   2|  177|  385|    0|
    |faddfsub_32ns_32ns_32_2_full_dsp_1_U27  |faddfsub_32ns_32ns_32_2_full_dsp_1  |        0|   2|  177|  385|    0|
    |faddfsub_32ns_32ns_32_2_full_dsp_1_U28  |faddfsub_32ns_32ns_32_2_full_dsp_1  |        0|   2|  177|  385|    0|
    |faddfsub_32ns_32ns_32_2_full_dsp_1_U29  |faddfsub_32ns_32ns_32_2_full_dsp_1  |        0|   2|  177|  385|    0|
    |faddfsub_32ns_32ns_32_2_full_dsp_1_U30  |faddfsub_32ns_32ns_32_2_full_dsp_1  |        0|   2|  177|  385|    0|
    |fcmp_32ns_32ns_1_1_no_dsp_1_U56         |fcmp_32ns_32ns_1_1_no_dsp_1         |        0|   0|    0|    0|    0|
    |fcmp_32ns_32ns_1_1_no_dsp_1_U57         |fcmp_32ns_32ns_1_1_no_dsp_1         |        0|   0|    0|    0|    0|
    |fcmp_32ns_32ns_1_1_no_dsp_1_U58         |fcmp_32ns_32ns_1_1_no_dsp_1         |        0|   0|    0|    0|    0|
    |fcmp_32ns_32ns_1_1_no_dsp_1_U59         |fcmp_32ns_32ns_1_1_no_dsp_1         |        0|   0|    0|    0|    0|
    |fcmp_32ns_32ns_1_1_no_dsp_1_U60         |fcmp_32ns_32ns_1_1_no_dsp_1         |        0|   0|    0|    0|    0|
    |fcmp_32ns_32ns_1_1_no_dsp_1_U61         |fcmp_32ns_32ns_1_1_no_dsp_1         |        0|   0|    0|    0|    0|
    |fdiv_32ns_32ns_32_3_no_dsp_1_U37        |fdiv_32ns_32ns_32_3_no_dsp_1        |        0|   0|    0|    0|    0|
    |fdiv_32ns_32ns_32_3_no_dsp_1_U38        |fdiv_32ns_32ns_32_3_no_dsp_1        |        0|   0|    0|    0|    0|
    |fdiv_32ns_32ns_32_3_no_dsp_1_U39        |fdiv_32ns_32ns_32_3_no_dsp_1        |        0|   0|    0|    0|    0|
    |fdiv_32ns_32ns_32_3_no_dsp_1_U40        |fdiv_32ns_32ns_32_3_no_dsp_1        |        0|   0|    0|    0|    0|
    |fdiv_32ns_32ns_32_3_no_dsp_1_U41        |fdiv_32ns_32ns_32_3_no_dsp_1        |        0|   0|    0|    0|    0|
    |fdiv_32ns_32ns_32_3_no_dsp_1_U42        |fdiv_32ns_32ns_32_3_no_dsp_1        |        0|   0|    0|    0|    0|
    |fdiv_32ns_32ns_32_3_no_dsp_1_U43        |fdiv_32ns_32ns_32_3_no_dsp_1        |        0|   0|    0|    0|    0|
    |fdiv_32ns_32ns_32_3_no_dsp_1_U44        |fdiv_32ns_32ns_32_3_no_dsp_1        |        0|   0|    0|    0|    0|
    |fdiv_32ns_32ns_32_3_no_dsp_1_U45        |fdiv_32ns_32ns_32_3_no_dsp_1        |        0|   0|    0|    0|    0|
    |fdiv_32ns_32ns_32_3_no_dsp_1_U46        |fdiv_32ns_32ns_32_3_no_dsp_1        |        0|   0|    0|    0|    0|
    |fdiv_32ns_32ns_32_3_no_dsp_1_U47        |fdiv_32ns_32ns_32_3_no_dsp_1        |        0|   0|    0|    0|    0|
    |fdiv_32ns_32ns_32_3_no_dsp_1_U48        |fdiv_32ns_32ns_32_3_no_dsp_1        |        0|   0|    0|    0|    0|
    |fmul_32ns_32ns_32_1_max_dsp_1_U32       |fmul_32ns_32ns_32_1_max_dsp_1       |        0|   3|    0|  320|    0|
    |fmul_32ns_32ns_32_1_max_dsp_1_U33       |fmul_32ns_32ns_32_1_max_dsp_1       |        0|   3|    0|  320|    0|
    |fmul_32ns_32ns_32_1_max_dsp_1_U34       |fmul_32ns_32ns_32_1_max_dsp_1       |        0|   3|    0|  320|    0|
    |fmul_32ns_32ns_32_1_max_dsp_1_U35       |fmul_32ns_32ns_32_1_max_dsp_1       |        0|   3|    0|  320|    0|
    |fmul_32ns_32ns_32_1_max_dsp_1_U36       |fmul_32ns_32ns_32_1_max_dsp_1       |        0|   3|    0|  320|    0|
    |fptrunc_64ns_32_1_no_dsp_1_U54          |fptrunc_64ns_32_1_no_dsp_1          |        0|   0|    0|    0|    0|
    |fptrunc_64ns_32_1_no_dsp_1_U55          |fptrunc_64ns_32_1_no_dsp_1          |        0|   0|    0|    0|    0|
    |grp_rtIsNaNF_fu_4169                    |rtIsNaNF                            |        0|   0|    0|   37|    0|
    |grp_rtIsNaNF_fu_4174                    |rtIsNaNF                            |        0|   0|    0|   37|    0|
    |grp_rtIsNaNF_fu_4179                    |rtIsNaNF                            |        0|   0|    0|   37|    0|
    |grp_rtIsNaNF_fu_4184                    |rtIsNaNF                            |        0|   0|    0|   37|    0|
    |grp_rtIsNaNF_fu_4189                    |rtIsNaNF                            |        0|   0|    0|   37|    0|
    |grp_rtIsNaNF_fu_4194                    |rtIsNaNF                            |        0|   0|    0|   37|    0|
    |tmp_35_rtIsNaNF_fu_4199                 |rtIsNaNF                            |        0|   0|    0|   37|    0|
    |tmp_37_rtIsNaNF_fu_4204                 |rtIsNaNF                            |        0|   0|    0|   37|    0|
    |tmp_42_rtIsNaNF_fu_4209                 |rtIsNaNF                            |        0|   0|    0|   37|    0|
    |tmp_47_rtIsNaNF_fu_4214                 |rtIsNaNF                            |        0|   0|    0|   37|    0|
    |tmp_52_rtIsNaNF_fu_4219                 |rtIsNaNF                            |        0|   0|    0|   37|    0|
    |tmp_56_rtIsNaNF_fu_4224                 |rtIsNaNF                            |        0|   0|    0|   37|    0|
    |sitodp_32ns_64_2_no_dsp_1_U62           |sitodp_32ns_64_2_no_dsp_1           |        0|   0|    0|    0|    0|
    |sitofp_32ns_32_2_no_dsp_1_U49           |sitofp_32ns_32_2_no_dsp_1           |        0|   0|    0|    0|    0|
    |sitofp_32ns_32_2_no_dsp_1_U50           |sitofp_32ns_32_2_no_dsp_1           |        0|   0|    0|    0|    0|
    |sitofp_32ns_32_2_no_dsp_1_U51           |sitofp_32ns_32_2_no_dsp_1           |        0|   0|    0|    0|    0|
    |sitofp_32ns_32_2_no_dsp_1_U52           |sitofp_32ns_32_2_no_dsp_1           |        0|   0|    0|    0|    0|
    |sitofp_32ns_32_2_no_dsp_1_U53           |sitofp_32ns_32_2_no_dsp_1           |        0|   0|    0|    0|    0|
    +----------------------------------------+------------------------------------+---------+----+-----+-----+-----+
    |Total                                   |                                    |        0|  31| 1416| 5124|    0|
    +----------------------------------------+------------------------------------+---------+----+-----+-----+-----+

    * DSP: 
    N/A

    * Memory: 
    +-----------+---------------------------------------------------------+---------+----+----+-----+------+-----+------+-------------+
    |   Memory  |                          Module                         | BRAM_18K| FF | LUT| URAM| Words| Bits| Banks| W*Bits*Banks|
    +-----------+---------------------------------------------------------+---------+----+----+-----+------+-----+------+-------------+
    |negloss_U  |c_CompactClassificationECOC_pre_1_negloss_RAM_AUTO_1R1W  |        0|  64|   3|    0|     5|   32|     1|          160|
    +-----------+---------------------------------------------------------+---------+----+----+-----+------+-----+------+-------------+
    |Total      |                                                         |        0|  64|   3|    0|     5|   32|     1|          160|
    +-----------+---------------------------------------------------------+---------+----+----+-----+------+-----+------+-------------+

    * FIFO: 
    N/A

    * Expression: 
    +-----------------------------+----------+----+---+----+------------+------------+
    |        Variable Name        | Operation| DSP| FF| LUT| Bitwidth P0| Bitwidth P1|
    +-----------------------------+----------+----+---+----+------------+------------+
    |add_ln1585_fu_9474_p2        |         +|   0|  0|  11|           3|           2|
    |p_11_fu_8010_p2              |         +|   0|  0|  11|           3|           1|
    |p_13_fu_8925_p2              |         +|   0|  0|  13|           4|           1|
    |p_15_fu_8938_p2              |         +|   0|  0|  13|           4|           1|
    |p_17_fu_8958_p2              |         +|   0|  0|  13|           4|           1|
    |p_22_fu_8046_p2              |         +|   0|  0|  10|           2|           1|
    |p_24_fu_8063_p2              |         +|   0|  0|  11|           3|           1|
    |p_26_fu_8076_p2              |         +|   0|  0|  11|           3|           1|
    |p_28_fu_8089_p2              |         +|   0|  0|  11|           3|           1|
    |p_30_fu_8515_p2              |         +|   0|  0|  11|           3|           1|
    |p_32_fu_8979_p2              |         +|   0|  0|  13|           4|           1|
    |p_34_fu_8992_p2              |         +|   0|  0|  13|           4|           1|
    |p_36_fu_9012_p2              |         +|   0|  0|  13|           4|           1|
    |p_3_fu_7077_p2               |         +|   0|  0|  10|           2|           1|
    |p_41_fu_8189_p2              |         +|   0|  0|  10|           2|           1|
    |p_43_fu_8206_p2              |         +|   0|  0|  11|           3|           1|
    |p_45_fu_8219_p2              |         +|   0|  0|  11|           3|           1|
    |p_47_fu_8232_p2              |         +|   0|  0|  11|           3|           1|
    |p_49_fu_8590_p2              |         +|   0|  0|  11|           3|           1|
    |p_51_fu_9033_p2              |         +|   0|  0|  13|           4|           1|
    |p_53_fu_9046_p2              |         +|   0|  0|  13|           4|           1|
    |p_55_fu_9066_p2              |         +|   0|  0|  13|           4|           1|
    |p_58_fu_8316_p2              |         +|   0|  0|  10|           2|           1|
    |p_5_fu_7964_p2               |         +|   0|  0|  11|           3|           1|
    |p_60_fu_8333_p2              |         +|   0|  0|  11|           3|           1|
    |p_62_fu_8346_p2              |         +|   0|  0|  11|           3|           1|
    |p_64_fu_8359_p2              |         +|   0|  0|  11|           3|           1|
    |p_66_fu_8608_p2              |         +|   0|  0|  11|           3|           1|
    |p_68_fu_9087_p2              |         +|   0|  0|  13|           4|           1|
    |p_70_fu_9100_p2              |         +|   0|  0|  13|           4|           1|
    |p_72_fu_9120_p2              |         +|   0|  0|  13|           4|           1|
    |p_75_fu_8405_p2              |         +|   0|  0|  11|           3|           1|
    |p_77_fu_8418_p2              |         +|   0|  0|  11|           3|           1|
    |p_79_fu_8431_p2              |         +|   0|  0|  11|           3|           1|
    |p_7_fu_7977_p2               |         +|   0|  0|  11|           3|           1|
    |p_81_fu_8698_p2              |         +|   0|  0|  11|           3|           1|
    |p_83_fu_9141_p2              |         +|   0|  0|  13|           4|           1|
    |p_85_fu_9154_p2              |         +|   0|  0|  13|           4|           1|
    |p_87_fu_9174_p2              |         +|   0|  0|  13|           4|           1|
    |p_9_fu_7990_p2               |         +|   0|  0|  11|           3|           1|
    |and_ln1003_fu_6700_p2        |       and|   0|  0|   2|           1|           1|
    |and_ln1009_fu_7026_p2        |       and|   0|  0|   2|           1|           1|
    |and_ln1015_fu_7277_p2        |       and|   0|  0|   2|           1|           1|
    |and_ln1021_fu_7498_p2        |       and|   0|  0|   2|           1|           1|
    |and_ln1027_fu_7719_p2        |       and|   0|  0|   2|           1|           1|
    |and_ln1033_fu_7940_p2        |       and|   0|  0|   2|           1|           1|
    |and_ln1039_fu_8487_p2        |       and|   0|  0|   2|           1|           1|
    |and_ln1045_fu_8752_p2        |       and|   0|  0|   2|           1|           1|
    |and_ln1092_fu_6766_p2        |       and|   0|  0|   2|           1|           1|
    |and_ln1098_fu_6514_p2        |       and|   0|  0|   2|           1|           1|
    |and_ln1104_fu_6823_p2        |       and|   0|  0|   2|           1|           1|
    |and_ln1110_fu_7126_p2        |       and|   0|  0|   2|           1|           1|
    |and_ln1116_fu_7341_p2        |       and|   0|  0|   2|           1|           1|
    |and_ln1122_fu_7562_p2        |       and|   0|  0|   2|           1|           1|
    |and_ln1128_fu_7783_p2        |       and|   0|  0|   2|           1|           1|
    |and_ln1193_fu_6888_p2        |       and|   0|  0|   2|           1|           1|
    |and_ln1199_fu_6571_p2        |       and|   0|  0|   2|           1|           1|
    |and_ln1217_fu_7405_p2        |       and|   0|  0|   2|           1|           1|
    |and_ln1235_fu_8145_p2        |       and|   0|  0|   2|           1|           1|
    |and_ln1241_fu_8569_p2        |       and|   0|  0|   2|           1|           1|
    |and_ln1306_fu_6954_p2        |       and|   0|  0|   2|           1|           1|
    |and_ln1324_fu_7633_p2        |       and|   0|  0|   2|           1|           1|
    |and_ln1336_fu_8288_p2        |       and|   0|  0|   2|           1|           1|
    |and_ln1348_fu_8830_p2        |       and|   0|  0|   2|           1|           1|
    |and_ln1413_fu_7220_p2        |       and|   0|  0|   2|           1|           1|
    |and_ln1431_fu_7876_p2        |       and|   0|  0|   2|           1|           1|
    |and_ln1443_fu_8662_p2        |       and|   0|  0|   2|           1|           1|
    |and_ln1449_fu_8894_p2        |       and|   0|  0|   2|           1|           1|
    |and_ln1523_1_fu_9425_p2      |       and|   0|  0|   2|           1|           1|
    |and_ln1523_fu_9420_p2        |       and|   0|  0|   2|           1|           1|
    |and_ln1553_1_fu_10073_p2     |       and|   0|  0|   2|           1|           1|
    |and_ln1553_fu_10077_p2       |       and|   0|  0|   2|           1|           1|
    |and_ln1596_1_fu_10017_p2     |       and|   0|  0|   2|           1|           1|
    |and_ln1596_2_fu_10036_p2     |       and|   0|  0|   2|           1|           1|
    |and_ln1596_3_fu_10055_p2     |       and|   0|  0|   2|           1|           1|
    |and_ln1596_fu_9998_p2        |       and|   0|  0|   2|           1|           1|
    |and_ln1599_1_fu_9531_p2      |       and|   0|  0|   2|           1|           1|
    |and_ln1599_fu_9525_p2        |       and|   0|  0|   2|           1|           1|
    |and_ln1605_1_fu_9586_p2      |       and|   0|  0|   2|           1|           1|
    |and_ln1605_fu_9581_p2        |       and|   0|  0|   2|           1|           1|
    |and_ln1611_1_fu_9740_p2      |       and|   0|  0|   2|           1|           1|
    |and_ln1611_fu_9735_p2        |       and|   0|  0|   2|           1|           1|
    |and_ln1617_1_fu_9794_p2      |       and|   0|  0|   2|           1|           1|
    |and_ln1617_fu_9789_p2        |       and|   0|  0|   2|           1|           1|
    |and_ln1625_1_fu_9604_p2      |       and|   0|  0|   2|           1|           1|
    |and_ln1625_fu_9599_p2        |       and|   0|  0|   2|           1|           1|
    |and_ln1631_1_fu_9869_p2      |       and|   0|  0|   2|           1|           1|
    |and_ln1631_fu_9864_p2        |       and|   0|  0|   2|           1|           1|
    |and_ln1637_1_fu_9923_p2      |       and|   0|  0|   2|           1|           1|
    |and_ln1637_fu_9918_p2        |       and|   0|  0|   2|           1|           1|
    |and_ln1645_1_fu_9622_p2      |       and|   0|  0|   2|           1|           1|
    |and_ln1645_fu_9617_p2        |       and|   0|  0|   2|           1|           1|
    |and_ln1651_1_fu_9677_p2      |       and|   0|  0|   2|           1|           1|
    |and_ln1651_fu_9672_p2        |       and|   0|  0|   2|           1|           1|
    |and_ln1658_1_fu_9974_p2      |       and|   0|  0|   2|           1|           1|
    |and_ln1658_fu_9970_p2        |       and|   0|  0|   2|           1|           1|
    |and_ln991_fu_6643_p2         |       and|   0|  0|   2|           1|           1|
    |and_ln997_fu_6457_p2         |       and|   0|  0|   2|           1|           1|
    |icmp_ln1003_1_fu_6688_p2     |      icmp|   0|  0|  15|          23|           1|
    |icmp_ln1003_fu_6682_p2       |      icmp|   0|  0|  11|           8|           2|
    |icmp_ln1009_1_fu_7014_p2     |      icmp|   0|  0|  15|          23|           1|
    |icmp_ln1009_fu_7008_p2       |      icmp|   0|  0|  11|           8|           2|
    |icmp_ln1015_1_fu_7265_p2     |      icmp|   0|  0|  15|          23|           1|
    |icmp_ln1015_fu_7259_p2       |      icmp|   0|  0|  11|           8|           2|
    |icmp_ln1021_1_fu_7486_p2     |      icmp|   0|  0|  15|          23|           1|
    |icmp_ln1021_fu_7480_p2       |      icmp|   0|  0|  11|           8|           2|
    |icmp_ln1027_1_fu_7707_p2     |      icmp|   0|  0|  15|          23|           1|
    |icmp_ln1027_fu_7701_p2       |      icmp|   0|  0|  11|           8|           2|
    |icmp_ln1033_1_fu_7928_p2     |      icmp|   0|  0|  15|          23|           1|
    |icmp_ln1033_fu_7922_p2       |      icmp|   0|  0|  11|           8|           2|
    |icmp_ln1039_1_fu_8475_p2     |      icmp|   0|  0|  15|          23|           1|
    |icmp_ln1039_fu_8469_p2       |      icmp|   0|  0|  11|           8|           2|
    |icmp_ln1045_1_fu_8740_p2     |      icmp|   0|  0|  15|          23|           1|
    |icmp_ln1045_fu_8734_p2       |      icmp|   0|  0|  11|           8|           2|
    |icmp_ln1092_1_fu_6754_p2     |      icmp|   0|  0|  15|          23|           1|
    |icmp_ln1092_fu_6748_p2       |      icmp|   0|  0|  11|           8|           2|
    |icmp_ln1098_1_fu_6502_p2     |      icmp|   0|  0|  15|          23|           1|
    |icmp_ln1098_fu_6496_p2       |      icmp|   0|  0|  11|           8|           2|
    |icmp_ln1104_1_fu_6811_p2     |      icmp|   0|  0|  15|          23|           1|
    |icmp_ln1104_fu_6805_p2       |      icmp|   0|  0|  11|           8|           2|
    |icmp_ln1110_1_fu_7114_p2     |      icmp|   0|  0|  15|          23|           1|
    |icmp_ln1110_fu_7108_p2       |      icmp|   0|  0|  11|           8|           2|
    |icmp_ln1116_1_fu_7329_p2     |      icmp|   0|  0|  15|          23|           1|
    |icmp_ln1116_fu_7323_p2       |      icmp|   0|  0|  11|           8|           2|
    |icmp_ln1122_1_fu_7550_p2     |      icmp|   0|  0|  15|          23|           1|
    |icmp_ln1122_fu_7544_p2       |      icmp|   0|  0|  11|           8|           2|
    |icmp_ln1128_1_fu_7771_p2     |      icmp|   0|  0|  15|          23|           1|
    |icmp_ln1128_fu_7765_p2       |      icmp|   0|  0|  11|           8|           2|
    |icmp_ln1193_1_fu_6876_p2     |      icmp|   0|  0|  15|          23|           1|
    |icmp_ln1193_fu_6870_p2       |      icmp|   0|  0|  11|           8|           2|
    |icmp_ln1199_1_fu_6559_p2     |      icmp|   0|  0|  15|          23|           1|
    |icmp_ln1199_fu_6553_p2       |      icmp|   0|  0|  11|           8|           2|
    |icmp_ln1217_1_fu_7393_p2     |      icmp|   0|  0|  15|          23|           1|
    |icmp_ln1217_fu_7387_p2       |      icmp|   0|  0|  11|           8|           2|
    |icmp_ln1235_1_fu_8133_p2     |      icmp|   0|  0|  15|          23|           1|
    |icmp_ln1235_fu_8127_p2       |      icmp|   0|  0|  11|           8|           2|
    |icmp_ln1241_1_fu_8557_p2     |      icmp|   0|  0|  15|          23|           1|
    |icmp_ln1241_fu_8551_p2       |      icmp|   0|  0|  11|           8|           2|
    |icmp_ln1306_1_fu_6942_p2     |      icmp|   0|  0|  15|          23|           1|
    |icmp_ln1306_fu_6936_p2       |      icmp|   0|  0|  11|           8|           2|
    |icmp_ln1324_1_fu_7621_p2     |      icmp|   0|  0|  15|          23|           1|
    |icmp_ln1324_fu_7615_p2       |      icmp|   0|  0|  11|           8|           2|
    |icmp_ln1336_1_fu_8276_p2     |      icmp|   0|  0|  15|          23|           1|
    |icmp_ln1336_fu_8270_p2       |      icmp|   0|  0|  11|           8|           2|
    |icmp_ln1348_1_fu_8818_p2     |      icmp|   0|  0|  15|          23|           1|
    |icmp_ln1348_fu_8812_p2       |      icmp|   0|  0|  11|           8|           2|
    |icmp_ln1413_1_fu_7208_p2     |      icmp|   0|  0|  15|          23|           1|
    |icmp_ln1413_fu_7202_p2       |      icmp|   0|  0|  11|           8|           2|
    |icmp_ln1431_1_fu_7864_p2     |      icmp|   0|  0|  15|          23|           1|
    |icmp_ln1431_fu_7858_p2       |      icmp|   0|  0|  11|           8|           2|
    |icmp_ln1443_1_fu_8650_p2     |      icmp|   0|  0|  15|          23|           1|
    |icmp_ln1443_fu_8644_p2       |      icmp|   0|  0|  11|           8|           2|
    |icmp_ln1449_1_fu_8882_p2     |      icmp|   0|  0|  15|          23|           1|
    |icmp_ln1449_fu_8876_p2       |      icmp|   0|  0|  11|           8|           2|
    |icmp_ln1581_fu_9683_p2       |      icmp|   0|  0|   8|           3|           1|
    |icmp_ln1596_1_fu_10012_p2    |      icmp|   0|  0|   8|           3|           2|
    |icmp_ln1596_2_fu_10031_p2    |      icmp|   0|  0|   8|           3|           2|
    |icmp_ln1596_3_fu_10050_p2    |      icmp|   0|  0|   9|           3|           4|
    |icmp_ln1596_fu_9987_p2       |      icmp|   0|  0|   8|           3|           1|
    |icmp_ln1599_1_fu_9509_p2     |      icmp|   0|  0|  15|          23|           1|
    |icmp_ln1599_2_fu_9267_p2     |      icmp|   0|  0|  11|           8|           2|
    |icmp_ln1599_3_fu_9273_p2     |      icmp|   0|  0|  15|          23|           1|
    |icmp_ln1599_fu_9503_p2       |      icmp|   0|  0|  11|           8|           2|
    |icmp_ln1605_1_fu_9569_p2     |      icmp|   0|  0|  15|          23|           1|
    |icmp_ln1605_2_fu_9327_p2     |      icmp|   0|  0|  11|           8|           2|
    |icmp_ln1605_3_fu_9333_p2     |      icmp|   0|  0|  15|          23|           1|
    |icmp_ln1605_fu_9563_p2       |      icmp|   0|  0|  11|           8|           2|
    |icmp_ln1611_1_fu_9723_p2     |      icmp|   0|  0|  15|          23|           1|
    |icmp_ln1611_2_fu_9355_p2     |      icmp|   0|  0|  11|           8|           2|
    |icmp_ln1611_3_fu_9361_p2     |      icmp|   0|  0|  15|          23|           1|
    |icmp_ln1611_fu_9717_p2       |      icmp|   0|  0|  11|           8|           2|
    |icmp_ln1617_1_fu_9777_p2     |      icmp|   0|  0|  15|          23|           1|
    |icmp_ln1617_2_fu_9402_p2     |      icmp|   0|  0|  11|           8|           2|
    |icmp_ln1617_3_fu_9408_p2     |      icmp|   0|  0|  15|          23|           1|
    |icmp_ln1617_fu_9771_p2       |      icmp|   0|  0|  11|           8|           2|
    |icmp_ln1631_1_fu_9852_p2     |      icmp|   0|  0|  15|          23|           1|
    |icmp_ln1631_fu_9846_p2       |      icmp|   0|  0|  11|           8|           2|
    |icmp_ln1637_1_fu_9906_p2     |      icmp|   0|  0|  15|          23|           1|
    |icmp_ln1637_fu_9900_p2       |      icmp|   0|  0|  11|           8|           2|
    |icmp_ln1651_1_fu_9660_p2     |      icmp|   0|  0|  15|          23|           1|
    |icmp_ln1651_fu_9654_p2       |      icmp|   0|  0|  11|           8|           2|
    |icmp_ln991_1_fu_6631_p2      |      icmp|   0|  0|  15|          23|           1|
    |icmp_ln991_fu_6625_p2        |      icmp|   0|  0|  11|           8|           2|
    |icmp_ln997_1_fu_6445_p2      |      icmp|   0|  0|  15|          23|           1|
    |icmp_ln997_fu_6439_p2        |      icmp|   0|  0|  11|           8|           2|
    |or_ln1003_1_fu_6694_p2       |        or|   0|  0|   2|           1|           1|
    |or_ln1003_fu_6706_p2         |        or|   0|  0|   2|           1|           1|
    |or_ln1009_1_fu_7020_p2       |        or|   0|  0|   2|           1|           1|
    |or_ln1009_fu_7032_p2         |        or|   0|  0|   2|           1|           1|
    |or_ln1015_1_fu_7271_p2       |        or|   0|  0|   2|           1|           1|
    |or_ln1015_fu_7283_p2         |        or|   0|  0|   2|           1|           1|
    |or_ln1021_1_fu_7492_p2       |        or|   0|  0|   2|           1|           1|
    |or_ln1021_fu_7504_p2         |        or|   0|  0|   2|           1|           1|
    |or_ln1027_1_fu_7713_p2       |        or|   0|  0|   2|           1|           1|
    |or_ln1027_fu_7725_p2         |        or|   0|  0|   2|           1|           1|
    |or_ln1033_1_fu_7934_p2       |        or|   0|  0|   2|           1|           1|
    |or_ln1033_fu_7946_p2         |        or|   0|  0|   2|           1|           1|
    |or_ln1039_1_fu_8481_p2       |        or|   0|  0|   2|           1|           1|
    |or_ln1039_fu_8493_p2         |        or|   0|  0|   2|           1|           1|
    |or_ln1045_1_fu_8758_p2       |        or|   0|  0|   2|           1|           1|
    |or_ln1045_fu_8746_p2         |        or|   0|  0|   2|           1|           1|
    |or_ln1092_1_fu_6760_p2       |        or|   0|  0|   2|           1|           1|
    |or_ln1092_fu_6772_p2         |        or|   0|  0|   2|           1|           1|
    |or_ln1098_1_fu_6508_p2       |        or|   0|  0|   2|           1|           1|
    |or_ln1098_fu_6520_p2         |        or|   0|  0|   2|           1|           1|
    |or_ln1104_1_fu_6817_p2       |        or|   0|  0|   2|           1|           1|
    |or_ln1104_fu_6829_p2         |        or|   0|  0|   2|           1|           1|
    |or_ln1110_1_fu_7120_p2       |        or|   0|  0|   2|           1|           1|
    |or_ln1110_fu_7132_p2         |        or|   0|  0|   2|           1|           1|
    |or_ln1116_1_fu_7335_p2       |        or|   0|  0|   2|           1|           1|
    |or_ln1116_fu_7347_p2         |        or|   0|  0|   2|           1|           1|
    |or_ln1122_1_fu_7556_p2       |        or|   0|  0|   2|           1|           1|
    |or_ln1122_fu_7568_p2         |        or|   0|  0|   2|           1|           1|
    |or_ln1128_1_fu_7777_p2       |        or|   0|  0|   2|           1|           1|
    |or_ln1128_fu_7789_p2         |        or|   0|  0|   2|           1|           1|
    |or_ln1193_1_fu_6882_p2       |        or|   0|  0|   2|           1|           1|
    |or_ln1193_fu_6894_p2         |        or|   0|  0|   2|           1|           1|
    |or_ln1199_1_fu_6565_p2       |        or|   0|  0|   2|           1|           1|
    |or_ln1199_fu_6577_p2         |        or|   0|  0|   2|           1|           1|
    |or_ln1217_1_fu_7399_p2       |        or|   0|  0|   2|           1|           1|
    |or_ln1217_fu_7411_p2         |        or|   0|  0|   2|           1|           1|
    |or_ln1235_1_fu_8139_p2       |        or|   0|  0|   2|           1|           1|
    |or_ln1235_fu_8151_p2         |        or|   0|  0|   2|           1|           1|
    |or_ln1241_1_fu_8563_p2       |        or|   0|  0|   2|           1|           1|
    |or_ln1241_fu_8575_p2         |        or|   0|  0|   2|           1|           1|
    |or_ln1306_1_fu_6948_p2       |        or|   0|  0|   2|           1|           1|
    |or_ln1306_fu_6960_p2         |        or|   0|  0|   2|           1|           1|
    |or_ln1324_1_fu_7627_p2       |        or|   0|  0|   2|           1|           1|
    |or_ln1324_fu_7639_p2         |        or|   0|  0|   2|           1|           1|
    |or_ln1336_1_fu_8282_p2       |        or|   0|  0|   2|           1|           1|
    |or_ln1336_fu_8294_p2         |        or|   0|  0|   2|           1|           1|
    |or_ln1348_1_fu_8836_p2       |        or|   0|  0|   2|           1|           1|
    |or_ln1348_fu_8824_p2         |        or|   0|  0|   2|           1|           1|
    |or_ln1413_1_fu_7214_p2       |        or|   0|  0|   2|           1|           1|
    |or_ln1413_fu_7226_p2         |        or|   0|  0|   2|           1|           1|
    |or_ln1431_1_fu_7870_p2       |        or|   0|  0|   2|           1|           1|
    |or_ln1431_fu_7882_p2         |        or|   0|  0|   2|           1|           1|
    |or_ln1443_1_fu_8656_p2       |        or|   0|  0|   2|           1|           1|
    |or_ln1443_fu_8668_p2         |        or|   0|  0|   2|           1|           1|
    |or_ln1449_1_fu_8900_p2       |        or|   0|  0|   2|           1|           1|
    |or_ln1449_fu_8888_p2         |        or|   0|  0|   2|           1|           1|
    |or_ln1553_fu_10082_p2        |        or|   0|  0|   2|           1|           1|
    |or_ln1599_1_fu_9521_p2       |        or|   0|  0|   2|           1|           1|
    |or_ln1599_fu_9515_p2         |        or|   0|  0|   2|           1|           1|
    |or_ln1605_1_fu_9575_p2       |        or|   0|  0|   2|           1|           1|
    |or_ln1605_2_fu_9339_p2       |        or|   0|  0|   2|           1|           1|
    |or_ln1605_fu_9688_p2         |        or|   0|  0|   2|           1|           1|
    |or_ln1611_1_fu_9367_p2       |        or|   0|  0|   2|           1|           1|
    |or_ln1611_fu_9729_p2         |        or|   0|  0|   2|           1|           1|
    |or_ln1617_1_fu_9783_p2       |        or|   0|  0|   2|           1|           1|
    |or_ln1617_2_fu_9414_p2       |        or|   0|  0|   2|           1|           1|
    |or_ln1617_fu_9808_p2         |        or|   0|  0|   2|           1|           1|
    |or_ln1631_fu_9858_p2         |        or|   0|  0|   2|           1|           1|
    |or_ln1637_1_fu_9912_p2       |        or|   0|  0|   2|           1|           1|
    |or_ln1637_fu_9937_p2         |        or|   0|  0|   2|           1|           1|
    |or_ln1651_1_fu_9666_p2       |        or|   0|  0|   2|           1|           1|
    |or_ln1651_fu_9958_p2         |        or|   0|  0|   2|           1|           1|
    |or_ln991_1_fu_6637_p2        |        or|   0|  0|   2|           1|           1|
    |or_ln991_fu_6649_p2          |        or|   0|  0|   2|           1|           1|
    |or_ln997_1_fu_6451_p2        |        or|   0|  0|   2|           1|           1|
    |or_ln997_fu_6463_p2          |        or|   0|  0|   2|           1|           1|
    |idx_1_fu_9814_p3             |    select|   0|  0|   3|           1|           3|
    |idx_2_fu_9943_p3             |    select|   0|  0|   3|           1|           3|
    |idx_3_fu_9962_p3             |    select|   0|  0|   3|           1|           3|
    |idx_4_fu_9979_p3             |    select|   0|  0|   4|           1|           3|
    |idx_5_fu_10004_p3            |    select|   0|  0|   3|           1|           3|
    |idx_6_fu_10023_p3            |    select|   0|  0|   3|           1|           3|
    |idx_7_fu_10042_p3            |    select|   0|  0|   3|           1|           3|
    |idx_8_fu_10061_p3            |    select|   0|  0|   3|           1|           3|
    |idx_fu_9466_p3               |    select|   0|  0|   3|           1|           3|
    |labels_fu_10087_p3           |    select|   0|  0|  64|           1|          62|
    |maxval_idx_0_101_fu_9592_p3  |    select|   0|  0|  32|           1|          32|
    |maxval_idx_0_103_fu_9746_p3  |    select|   0|  0|  32|           1|          32|
    |maxval_idx_0_105_fu_9610_p3  |    select|   0|  0|  32|           1|          32|
    |maxval_idx_0_106_fu_9875_p3  |    select|   0|  0|  32|           1|          32|
    |maxval_idx_0_107_fu_9628_p3  |    select|   0|  0|  32|           1|          32|
    |maxval_idx_0_10_fu_7740_p3   |    select|   0|  0|  32|           1|          32|
    |maxval_idx_0_12_fu_8003_p3   |    select|   0|  0|  32|           1|          32|
    |maxval_idx_0_14_fu_8508_p3   |    select|   0|  0|  32|           1|          32|
    |maxval_idx_0_16_fu_8773_p3   |    select|   0|  0|  32|           1|          32|
    |maxval_idx_0_18_fu_8951_p3   |    select|   0|  0|  32|           1|          32|
    |maxval_idx_0_1_fu_6655_p3    |    select|   0|  0|  32|           1|          32|
    |maxval_idx_0_20_fu_9192_p3   |    select|   0|  0|  32|           1|          32|
    |maxval_idx_0_22_fu_6778_p3   |    select|   0|  0|  32|           1|          32|
    |maxval_idx_0_23_fu_6844_p3   |    select|   0|  0|  32|           1|           1|
    |maxval_idx_0_25_fu_7147_p3   |    select|   0|  0|  32|           1|          32|
    |maxval_idx_0_27_fu_7362_p3   |    select|   0|  0|  32|           1|          32|
    |maxval_idx_0_29_fu_7583_p3   |    select|   0|  0|  32|           1|          32|
    |maxval_idx_0_2_fu_6721_p3    |    select|   0|  0|  32|           1|           1|
    |maxval_idx_0_31_fu_7804_p3   |    select|   0|  0|  32|           1|          32|
    |maxval_idx_0_33_fu_8102_p3   |    select|   0|  0|  32|           1|          32|
    |maxval_idx_0_35_fu_8526_p3   |    select|   0|  0|  32|           1|          32|
    |maxval_idx_0_37_fu_8780_p3   |    select|   0|  0|  32|           1|          32|
    |maxval_idx_0_39_fu_9005_p3   |    select|   0|  0|  32|           1|          32|
    |maxval_idx_0_41_fu_9198_p3   |    select|   0|  0|  32|           1|          32|
    |maxval_idx_0_43_fu_6900_p3   |    select|   0|  0|  32|           1|          32|
    |maxval_idx_0_44_fu_6908_p3   |    select|   0|  0|  32|           1|           1|
    |maxval_idx_0_46_fu_7169_p3   |    select|   0|  0|  32|           1|          32|
    |maxval_idx_0_48_fu_7426_p3   |    select|   0|  0|  32|           1|          32|
    |maxval_idx_0_4_fu_7070_p3    |    select|   0|  0|  32|           1|          32|
    |maxval_idx_0_50_fu_7590_p3   |    select|   0|  0|  32|           1|          32|
    |maxval_idx_0_52_fu_7811_p3   |    select|   0|  0|  32|           1|          32|
    |maxval_idx_0_54_fu_8245_p3   |    select|   0|  0|  32|           1|          32|
    |maxval_idx_0_56_fu_8601_p3   |    select|   0|  0|  32|           1|          32|
    |maxval_idx_0_58_fu_8787_p3   |    select|   0|  0|  32|           1|          32|
    |maxval_idx_0_60_fu_9059_p3   |    select|   0|  0|  32|           1|          32|
    |maxval_idx_0_62_fu_9204_p3   |    select|   0|  0|  32|           1|          32|
    |maxval_idx_0_64_fu_7176_p3   |    select|   0|  0|  32|           1|          32|
    |maxval_idx_0_66_fu_7448_p3   |    select|   0|  0|  32|           1|          32|
    |maxval_idx_0_68_fu_7654_p3   |    select|   0|  0|  32|           1|          32|
    |maxval_idx_0_6_fu_7298_p3    |    select|   0|  0|  32|           1|          32|
    |maxval_idx_0_70_fu_7833_p3   |    select|   0|  0|  32|           1|          32|
    |maxval_idx_0_72_fu_8372_p3   |    select|   0|  0|  32|           1|          32|
    |maxval_idx_0_74_fu_8619_p3   |    select|   0|  0|  32|           1|          32|
    |maxval_idx_0_76_fu_8851_p3   |    select|   0|  0|  32|           1|          32|
    |maxval_idx_0_78_fu_9113_p3   |    select|   0|  0|  32|           1|          32|
    |maxval_idx_0_80_fu_9210_p3   |    select|   0|  0|  32|           1|          32|
    |maxval_idx_0_82_fu_7455_p3   |    select|   0|  0|  32|           1|          32|
    |maxval_idx_0_84_fu_7676_p3   |    select|   0|  0|  32|           1|          32|
    |maxval_idx_0_86_fu_7897_p3   |    select|   0|  0|  32|           1|          32|
    |maxval_idx_0_88_fu_8444_p3   |    select|   0|  0|  32|           1|          32|
    |maxval_idx_0_8_fu_7519_p3    |    select|   0|  0|  32|           1|          32|
    |maxval_idx_0_90_fu_8709_p3   |    select|   0|  0|  32|           1|          32|
    |maxval_idx_0_92_fu_8915_p3   |    select|   0|  0|  32|           1|          32|
    |maxval_idx_0_94_fu_9167_p3   |    select|   0|  0|  32|           1|          32|
    |maxval_idx_0_96_fu_9216_p3   |    select|   0|  0|  32|           1|          32|
    |maxval_idx_0_99_fu_9537_p3   |    select|   0|  0|  32|           1|          32|
    |maxval_idx_1_1_fu_6469_p3    |    select|   0|  0|  32|           1|          32|
    |maxval_idx_1_3_fu_6526_p3    |    select|   0|  0|  32|           1|          32|
    |maxval_idx_1_5_fu_6583_p3    |    select|   0|  0|  32|           1|          32|
    |maxval_idx_2_1_fu_6712_p3    |    select|   0|  0|  32|           1|          32|
    |maxval_idx_2_3_fu_6835_p3    |    select|   0|  0|  32|           1|          32|
    |maxval_idx_2_5_fu_6966_p3    |    select|   0|  0|  32|           1|          32|
    |maxval_idx_3_1_fu_7038_p3    |    select|   0|  0|  32|           1|          32|
    |maxval_idx_3_3_fu_7138_p3    |    select|   0|  0|  32|           1|          32|
    |maxval_idx_3_5_fu_7232_p3    |    select|   0|  0|  32|           1|          32|
    |maxval_idx_4_1_fu_7289_p3    |    select|   0|  0|  32|           1|          32|
    |maxval_idx_4_3_fu_7353_p3    |    select|   0|  0|  32|           1|          32|
    |maxval_idx_4_5_fu_7417_p3    |    select|   0|  0|  32|           1|          32|
    |maxval_idx_5_1_fu_7510_p3    |    select|   0|  0|  32|           1|          32|
    |maxval_idx_5_3_fu_7574_p3    |    select|   0|  0|  32|           1|          32|
    |maxval_idx_5_5_fu_7645_p3    |    select|   0|  0|  32|           1|          32|
    |maxval_idx_6_1_fu_7731_p3    |    select|   0|  0|  32|           1|          32|
    |maxval_idx_6_3_fu_7795_p3    |    select|   0|  0|  32|           1|          32|
    |maxval_idx_6_5_fu_7888_p3    |    select|   0|  0|  32|           1|          32|
    |maxval_idx_7_1_fu_7952_p3    |    select|   0|  0|  32|           1|          32|
    |maxval_idx_7_3_fu_8157_p3    |    select|   0|  0|  32|           1|          32|
    |maxval_idx_7_5_fu_8300_p3    |    select|   0|  0|  32|           1|          32|
    |maxval_idx_8_1_fu_8499_p3    |    select|   0|  0|  32|           1|          32|
    |maxval_idx_8_3_fu_8581_p3    |    select|   0|  0|  32|           1|          32|
    |maxval_idx_8_5_fu_8674_p3    |    select|   0|  0|  32|           1|          32|
    |maxval_idx_9_10_fu_8764_p3   |    select|   0|  0|  32|           1|          32|
    |maxval_idx_9_27_fu_8842_p3   |    select|   0|  0|  32|           1|          32|
    |maxval_idx_9_32_fu_8906_p3   |    select|   0|  0|  32|           1|          32|
    |p_10_fu_7996_p3              |    select|   0|  0|   3|           1|           3|
    |p_12_fu_8016_p3              |    select|   0|  0|   3|           1|           3|
    |p_14_fu_8931_p3              |    select|   0|  0|   4|           1|           4|
    |p_16_fu_8944_p3              |    select|   0|  0|   4|           1|           4|
    |p_18_fu_8964_p3              |    select|   0|  0|   4|           1|           4|
    |p_1_fu_7056_p3               |    select|   0|  0|   3|           1|           1|
    |p_20_fu_8032_p3              |    select|   0|  0|   3|           1|           1|
    |p_21_fu_8039_p3              |    select|   0|  0|   2|           1|           2|
    |p_23_fu_8052_p3              |    select|   0|  0|   2|           1|           2|
    |p_25_fu_8069_p3              |    select|   0|  0|   3|           1|           3|
    |p_27_fu_8082_p3              |    select|   0|  0|   3|           1|           3|
    |p_29_fu_8095_p3              |    select|   0|  0|   3|           1|           3|
    |p_2_fu_7063_p3               |    select|   0|  0|   2|           1|           2|
    |p_31_fu_8520_p3              |    select|   0|  0|   3|           1|           3|
    |p_33_fu_8985_p3              |    select|   0|  0|   4|           1|           4|
    |p_35_fu_8998_p3              |    select|   0|  0|   4|           1|           4|
    |p_37_fu_9018_p3              |    select|   0|  0|   4|           1|           4|
    |p_39_fu_8175_p3              |    select|   0|  0|   3|           1|           1|
    |p_40_fu_8182_p3              |    select|   0|  0|   2|           1|           2|
    |p_42_fu_8195_p3              |    select|   0|  0|   2|           1|           2|
    |p_44_fu_8212_p3              |    select|   0|  0|   3|           1|           3|
    |p_46_fu_8225_p3              |    select|   0|  0|   3|           1|           3|
    |p_48_fu_8238_p3              |    select|   0|  0|   3|           1|           3|
    |p_4_fu_7083_p3               |    select|   0|  0|   2|           1|           2|
    |p_50_fu_8595_p3              |    select|   0|  0|   3|           1|           3|
    |p_52_fu_9039_p3              |    select|   0|  0|   4|           1|           4|
    |p_54_fu_9052_p3              |    select|   0|  0|   4|           1|           4|
    |p_56_fu_9072_p3              |    select|   0|  0|   4|           1|           4|
    |p_57_fu_8309_p3              |    select|   0|  0|   2|           1|           2|
    |p_59_fu_8322_p3              |    select|   0|  0|   2|           1|           2|
    |p_61_fu_8339_p3              |    select|   0|  0|   3|           1|           3|
    |p_63_fu_8352_p3              |    select|   0|  0|   3|           1|           3|
    |p_65_fu_8365_p3              |    select|   0|  0|   3|           1|           3|
    |p_67_fu_8613_p3              |    select|   0|  0|   3|           1|           3|
    |p_69_fu_9093_p3              |    select|   0|  0|   4|           1|           4|
    |p_6_fu_7970_p3               |    select|   0|  0|   3|           1|           3|
    |p_71_fu_9106_p3              |    select|   0|  0|   4|           1|           4|
    |p_73_fu_9126_p3              |    select|   0|  0|   4|           1|           4|
    |p_74_fu_8394_p3              |    select|   0|  0|   2|           1|           2|
    |p_76_fu_8411_p3              |    select|   0|  0|   3|           1|           3|
    |p_78_fu_8424_p3              |    select|   0|  0|   3|           1|           3|
    |p_80_fu_8437_p3              |    select|   0|  0|   3|           1|           3|
    |p_82_fu_8703_p3              |    select|   0|  0|   3|           1|           3|
    |p_84_fu_9147_p3              |    select|   0|  0|   4|           1|           4|
    |p_86_fu_9160_p3              |    select|   0|  0|   4|           1|           4|
    |p_88_fu_9180_p3              |    select|   0|  0|   4|           1|           4|
    |p_8_fu_7983_p3               |    select|   0|  0|   3|           1|           3|
    |select_ln1555_1_fu_9439_p3   |    select|   0|  0|   2|           1|           2|
    |select_ln1555_fu_9431_p3     |    select|   0|  0|   3|           1|           2|
    |select_ln1574_fu_9458_p3     |    select|   0|  0|   4|           1|           3|
    |select_ln1576_fu_9450_p3     |    select|   0|  0|   3|           1|           1|
    |select_ln1617_fu_9800_p3     |    select|   0|  0|   4|           1|           3|
    |select_ln1637_fu_9929_p3     |    select|   0|  0|   4|           1|           3|
    |select_ln1651_fu_9951_p3     |    select|   0|  0|   4|           1|           3|
    |select_ln85_1_fu_9822_p3     |    select|   0|  0|   2|           1|           2|
    |select_ln85_fu_9692_p3       |    select|   0|  0|   2|           1|           2|
    |p_19_fu_8023_p2              |       xor|   0|  0|   2|           1|           2|
    |p_38_fu_8166_p2              |       xor|   0|  0|   2|           1|           2|
    |p_fu_7047_p2                 |       xor|   0|  0|   2|           1|           2|
    |xor_ln1091_fu_6395_p2        |       xor|   0|  0|  33|          32|          33|
    |xor_ln1198_fu_6410_p2        |       xor|   0|  0|  33|          32|          33|
    |xor_ln1216_fu_7158_p2        |       xor|   0|  0|  33|          32|          33|
    |xor_ln1305_fu_6596_p2        |       xor|   0|  0|  33|          32|          33|
    |xor_ln1323_fu_7437_p2        |       xor|   0|  0|  33|          32|          33|
    |xor_ln1335_fu_7822_p2        |       xor|   0|  0|  33|          32|          33|
    |xor_ln1412_fu_6979_p2        |       xor|   0|  0|  33|          32|          33|
    |xor_ln1430_fu_7665_p2        |       xor|   0|  0|  33|          32|          33|
    |xor_ln1442_fu_8383_p2        |       xor|   0|  0|  33|          32|          33|
    |xor_ln1448_fu_8687_p2        |       xor|   0|  0|  33|          32|          33|
    |xor_ln1496_fu_9226_p2        |       xor|   0|  0|  33|          32|          33|
    |xor_ln1499_fu_9246_p2        |       xor|   0|  0|  33|          32|          33|
    |xor_ln1502_fu_9287_p2        |       xor|   0|  0|  33|          32|          33|
    |xor_ln1505_fu_9306_p2        |       xor|   0|  0|  33|          32|          33|
    |xor_ln1508_fu_9381_p2        |       xor|   0|  0|  33|          32|          33|
    |xor_ln1581_fu_9992_p2        |       xor|   0|  0|   2|           1|           2|
    +-----------------------------+----------+----+---+----+------------+------------+
    |Total                        |          |   0|  0|5267|        2184|        3625|
    +-----------------------------+----------+----+---+----+------------+------------+

    * Multiplexer: 
    +------------------------------+------+-----------+-----+-----------+
    |             Name             |  LUT | Input Size| Bits| Total Bits|
    +------------------------------+------+-----------+-----+-----------+
    |Mdl_BinaryLearners_address0   |   912|        171|    9|       1539|
    |Mdl_BinaryLearners_address1   |   912|        171|    9|       1539|
    |ap_NS_fsm                     |  1060|        199|    1|        199|
    |ap_return                     |     9|          2|   64|        128|
    |empty_69_reg_4136             |     9|          2|   32|         64|
    |empty_70_reg_4147             |     9|          2|   32|         64|
    |empty_71_reg_4114             |     9|          2|   32|         64|
    |empty_72_reg_4125             |     9|          2|   32|         64|
    |empty_reg_4158                |     9|          2|   32|         64|
    |grp_fu_4229_opcode            |    14|          3|    2|          6|
    |grp_fu_4229_p0                |    65|         15|   32|        480|
    |grp_fu_4229_p1                |    59|         11|   32|        352|
    |grp_fu_4233_opcode            |    14|          3|    2|          6|
    |grp_fu_4233_p0                |   113|         23|   32|        736|
    |grp_fu_4233_p1                |    65|         16|   32|        512|
    |grp_fu_4237_opcode            |    14|          3|    2|          6|
    |grp_fu_4237_p0                |    48|          9|   32|        288|
    |grp_fu_4237_p1                |    65|         13|   32|        416|
    |grp_fu_4241_opcode            |    14|          3|    2|          6|
    |grp_fu_4241_p0                |    59|         11|   32|        352|
    |grp_fu_4241_p1                |    65|         13|   32|        416|
    |grp_fu_4251_opcode            |    14|          3|    2|          6|
    |grp_fu_4251_p0                |    48|          9|   32|        288|
    |grp_fu_4251_p1                |    59|         11|   32|        352|
    |grp_fu_4256_opcode            |    14|          3|    2|          6|
    |grp_fu_4256_p0                |    37|          7|   32|        224|
    |grp_fu_4256_p1                |    48|          9|   32|        288|
    |grp_fu_4267_opcode            |    14|          3|    2|          6|
    |grp_fu_4267_p0                |    25|          5|   32|        160|
    |grp_fu_4267_p1                |    42|          8|   32|        256|
    |grp_fu_4274_p0                |    37|          7|   32|        224|
    |grp_fu_4274_p1                |    37|          7|   32|        224|
    |grp_fu_4279_p0                |    65|         16|   32|        512|
    |grp_fu_4279_p1                |    25|          5|   32|        160|
    |grp_fu_4283_p0                |    42|          8|   32|        256|
    |grp_fu_4283_p1                |    25|          5|   32|        160|
    |grp_fu_4287_p1                |    14|          3|   32|         96|
    |grp_fu_4291_p1                |    14|          3|   32|         96|
    |grp_fu_4306_p0                |   147|         33|   32|       1056|
    |grp_fu_4306_p1                |    59|         11|   32|        352|
    |grp_fu_4311_p0                |   147|         33|   32|       1056|
    |grp_fu_4311_p1                |    65|         12|   32|        384|
    |grp_fu_4316_p0                |    20|          4|   32|        128|
    |grp_fu_4316_p1                |    20|          4|   32|        128|
    |grp_fu_4321_p0                |    20|          4|   32|        128|
    |grp_fu_4321_p1                |    20|          4|   32|        128|
    |grp_fu_4388_p0                |    14|          3|   32|         96|
    |grp_fu_4388_p1                |    14|          3|   32|         96|
    |grp_fu_4441_p0                |   912|        171|   64|      10944|
    |grp_fu_4444_p0                |   912|        171|   64|      10944|
    |grp_fu_4449_opcode            |    14|          3|    5|         15|
    |grp_fu_4449_p0                |    31|          6|   32|        192|
    |grp_fu_4449_p1                |    20|          4|   32|        128|
    |grp_fu_4455_opcode            |    14|          3|    5|         15|
    |grp_fu_4455_p0                |    37|          7|   32|        224|
    |grp_fu_4455_p1                |    20|          4|   32|        128|
    |grp_fu_4461_opcode            |    14|          3|    5|         15|
    |grp_fu_4461_p0                |    37|          7|   32|        224|
    |grp_fu_4461_p1                |    20|          4|   32|        128|
    |grp_fu_4468_opcode            |    14|          3|    5|         15|
    |grp_fu_4468_p0                |    20|          4|   32|        128|
    |grp_fu_4468_p1                |    20|          4|   32|        128|
    |grp_fu_4474_opcode            |    14|          3|    5|         15|
    |grp_fu_4474_p0                |    14|          3|   32|         96|
    |grp_fu_4474_p1                |    14|          3|   32|         96|
    |grp_fu_4479_opcode            |    14|          3|    5|         15|
    |grp_fu_4479_p0                |    14|          3|   32|         96|
    |grp_fu_4479_p1                |    14|          3|   32|         96|
    |grp_rtIsNaNF_fu_4169_value_r  |    48|          9|   32|        288|
    |grp_rtIsNaNF_fu_4174_value_r  |    65|         14|   32|        448|
    |grp_rtIsNaNF_fu_4179_value_r  |    48|          9|   32|        288|
    |grp_rtIsNaNF_fu_4184_value_r  |    59|         11|   32|        352|
    |grp_rtIsNaNF_fu_4189_value_r  |    25|          5|   32|        160|
    |grp_rtIsNaNF_fu_4194_value_r  |    53|         10|   32|        320|
    |negloss_address0              |    20|          4|    3|         12|
    |negloss_address1              |    20|          4|    3|         12|
    |negloss_d0                    |    20|          4|   32|        128|
    |negloss_d1                    |    14|          3|   32|         96|
    +------------------------------+------+-----------+-----+-----------+
    |Total                         |  7160|       1384| 2085|      39913|
    +------------------------------+------+-----------+-----+-----------+

    * Register: 
    +----------------------------+-----+----+-----+-----------+
    |            Name            |  FF | LUT| Bits| Const Bits|
    +----------------------------+-----+----+-----+-----------+
    |add54_reg_10341             |   32|   0|   32|          0|
    |add63_reg_10356             |   32|   0|   32|          0|
    |add72_reg_10371             |   32|   0|   32|          0|
    |add81_reg_10386             |   32|   0|   32|          0|
    |and_ln1523_1_reg_13094      |    1|   0|    1|          0|
    |and_ln1599_1_reg_13118      |    1|   0|    1|          0|
    |and_ln1605_1_reg_13123      |    1|   0|    1|          0|
    |and_ln1625_1_reg_13135      |    1|   0|    1|          0|
    |and_ln1645_1_reg_13147      |    1|   0|    1|          0|
    |and_ln1651_1_reg_13152      |    1|   0|    1|          0|
    |ap_CS_fsm                   |  198|   0|  198|          0|
    |ap_return_preg              |   64|   0|   64|          0|
    |b_3_reg_13084               |    1|   0|    1|          0|
    |b_5_reg_13089               |    1|   0|    1|          0|
    |b_reg_13011                 |    1|   0|    1|          0|
    |conv102_reg_10122           |   32|   0|   32|          0|
    |conv136_reg_10139           |   32|   0|   32|          0|
    |conv170_reg_10146           |   32|   0|   32|          0|
    |conv204_reg_10163           |   32|   0|   32|          0|
    |conv238_reg_10170           |   32|   0|   32|          0|
    |conv272_reg_10209           |   32|   0|   32|          0|
    |conv306_reg_10217           |   32|   0|   32|          0|
    |conv340_reg_12961           |   32|   0|   32|          0|
    |conv341_reg_12971           |   32|   0|   32|          0|
    |conv342_reg_12981           |   32|   0|   32|          0|
    |conv343_reg_12991           |   32|   0|   32|          0|
    |conv344_reg_13001           |   32|   0|   32|          0|
    |conv35_reg_10235            |   32|   0|   32|          0|
    |conv36_reg_10240            |   32|   0|   32|          0|
    |conv68_reg_10115            |   32|   0|   32|          0|
    |div191_reg_11995            |   32|   0|   32|          0|
    |div223_reg_12000            |   32|   0|   32|          0|
    |div255_reg_12005            |   32|   0|   32|          0|
    |div286_reg_12010            |   32|   0|   32|          0|
    |div287_reg_12015            |   32|   0|   32|          0|
    |div318_reg_12020            |   32|   0|   32|          0|
    |div319_reg_12025            |   32|   0|   32|          0|
    |empty_69_reg_4136           |   32|   0|   32|          0|
    |empty_70_reg_4147           |   32|   0|   32|          0|
    |empty_71_reg_4114           |   32|   0|   32|          0|
    |empty_72_reg_4125           |   32|   0|   32|          0|
    |empty_reg_4158              |   32|   0|   32|          0|
    |f_175_reg_12100             |   32|   0|   32|          0|
    |f_197_reg_12115             |   32|   0|   32|          0|
    |f_219_reg_12120             |   32|   0|   32|          0|
    |f_227_reg_13017             |   32|   0|   32|          0|
    |f_228_reg_13034             |   32|   0|   32|          0|
    |f_229_reg_13043             |   32|   0|   32|          0|
    |f_230_reg_13067             |   32|   0|   32|          0|
    |icmp_ln1581_reg_13163       |    1|   0|    1|          0|
    |icmp_ln1599_2_reg_13024     |    1|   0|    1|          0|
    |icmp_ln1599_3_reg_13029     |    1|   0|    1|          0|
    |idx_8_reg_13168             |    3|   0|    3|          0|
    |idx_reg_13099               |    3|   0|    3|          0|
    |maxval_idx_0_101_reg_13128  |   32|   0|   32|          0|
    |maxval_idx_0_105_reg_13140  |   32|   0|   32|          0|
    |maxval_idx_0_10_reg_12568   |   32|   0|   32|          0|
    |maxval_idx_0_12_reg_12642   |   32|   0|   32|          0|
    |maxval_idx_0_14_reg_12745   |   32|   0|   32|          0|
    |maxval_idx_0_16_reg_12839   |   32|   0|   32|          0|
    |maxval_idx_0_18_reg_12901   |   32|   0|   32|          0|
    |maxval_idx_0_20_reg_12956   |   32|   0|   32|          0|
    |maxval_idx_0_23_reg_12292   |   32|   0|   32|          0|
    |maxval_idx_0_25_reg_12367   |   32|   0|   32|          0|
    |maxval_idx_0_27_reg_12441   |   32|   0|   32|          0|
    |maxval_idx_0_29_reg_12515   |   32|   0|   32|          0|
    |maxval_idx_0_2_reg_12267    |   32|   0|   32|          0|
    |maxval_idx_0_31_reg_12589   |   32|   0|   32|          0|
    |maxval_idx_0_33_reg_12669   |   32|   0|   32|          0|
    |maxval_idx_0_35_reg_12766   |   32|   0|   32|          0|
    |maxval_idx_0_37_reg_12855   |   32|   0|   32|          0|
    |maxval_idx_0_39_reg_12912   |   32|   0|   32|          0|
    |maxval_idx_0_41_reg_12966   |   32|   0|   32|          0|
    |maxval_idx_0_44_reg_12314   |   32|   0|   32|          0|
    |maxval_idx_0_46_reg_12388   |   32|   0|   32|          0|
    |maxval_idx_0_48_reg_12458   |   32|   0|   32|          0|
    |maxval_idx_0_4_reg_12343    |   32|   0|   32|          0|
    |maxval_idx_0_50_reg_12527   |   32|   0|   32|          0|
    |maxval_idx_0_52_reg_12601   |   32|   0|   32|          0|
    |maxval_idx_0_54_reg_12686   |   32|   0|   32|          0|
    |maxval_idx_0_56_reg_12782   |   32|   0|   32|          0|
    |maxval_idx_0_58_reg_12861   |   32|   0|   32|          0|
    |maxval_idx_0_60_reg_12923   |   32|   0|   32|          0|
    |maxval_idx_0_62_reg_12976   |   32|   0|   32|          0|
    |maxval_idx_0_64_reg_12394   |   32|   0|   32|          0|
    |maxval_idx_0_66_reg_12475   |   32|   0|   32|          0|
    |maxval_idx_0_68_reg_12538   |   32|   0|   32|          0|
    |maxval_idx_0_6_reg_12420    |   32|   0|   32|          0|
    |maxval_idx_0_70_reg_12612   |   32|   0|   32|          0|
    |maxval_idx_0_72_reg_12709   |   32|   0|   32|          0|
    |maxval_idx_0_74_reg_12799   |   32|   0|   32|          0|
    |maxval_idx_0_76_reg_12872   |   32|   0|   32|          0|
    |maxval_idx_0_78_reg_12934   |   32|   0|   32|          0|
    |maxval_idx_0_80_reg_12986   |   32|   0|   32|          0|
    |maxval_idx_0_82_reg_12481   |   32|   0|   32|          0|
    |maxval_idx_0_84_reg_12555   |   32|   0|   32|          0|
    |maxval_idx_0_86_reg_12623   |   32|   0|   32|          0|
    |maxval_idx_0_88_reg_12732   |   32|   0|   32|          0|
    |maxval_idx_0_8_reg_12494    |   32|   0|   32|          0|
    |maxval_idx_0_90_reg_12820   |   32|   0|   32|          0|
    |maxval_idx_0_92_reg_12889   |   32|   0|   32|          0|
    |maxval_idx_0_94_reg_12945   |   32|   0|   32|          0|
    |maxval_idx_0_96_reg_12996   |   32|   0|   32|          0|
    |maxval_idx_1_1_reg_12207    |   32|   0|   32|          0|
    |maxval_idx_1_3_reg_12218    |   32|   0|   32|          0|
    |maxval_idx_1_5_reg_12240    |   32|   0|   32|          0|
    |maxval_idx_2_1_reg_12256    |   32|   0|   32|          0|
    |maxval_idx_2_3_reg_12279    |   32|   0|   32|          0|
    |maxval_idx_2_5_reg_12322    |   32|   0|   32|          0|
    |maxval_idx_3_1_reg_12338    |   32|   0|   32|          0|
    |maxval_idx_3_3_reg_12360    |   32|   0|   32|          0|
    |maxval_idx_3_5_reg_12402    |   32|   0|   32|          0|
    |maxval_idx_4_1_reg_12413    |   32|   0|   32|          0|
    |maxval_idx_4_3_reg_12436    |   32|   0|   32|          0|
    |maxval_idx_4_5_reg_12453    |   32|   0|   32|          0|
    |maxval_idx_5_1_reg_12487    |   32|   0|   32|          0|
    |maxval_idx_5_3_reg_12510    |   32|   0|   32|          0|
    |maxval_idx_5_5_reg_12533    |   32|   0|   32|          0|
    |maxval_idx_6_1_reg_12561    |   32|   0|   32|          0|
    |maxval_idx_6_3_reg_12584    |   32|   0|   32|          0|
    |maxval_idx_6_5_reg_12618    |   32|   0|   32|          0|
    |maxval_idx_7_1_reg_12635    |   32|   0|   32|          0|
    |maxval_idx_7_3_reg_12675    |   32|   0|   32|          0|
    |maxval_idx_7_5_reg_12698    |   32|   0|   32|          0|
    |maxval_idx_8_1_reg_12738    |   32|   0|   32|          0|
    |maxval_idx_8_3_reg_12772    |   32|   0|   32|          0|
    |maxval_idx_8_5_reg_12805    |   32|   0|   32|          0|
    |maxval_idx_9_10_reg_12832   |   32|   0|   32|          0|
    |maxval_idx_9_27_reg_12867   |   32|   0|   32|          0|
    |maxval_idx_9_32_reg_12884   |   32|   0|   32|          0|
    |maxval_idx_9_49_reg_12232   |   32|   0|   32|          0|
    |or_ln1599_reg_13113         |    1|   0|    1|          0|
    |or_ln1605_2_reg_13054       |    1|   0|    1|          0|
    |or_ln1611_1_reg_13060       |    1|   0|    1|          0|
    |or_ln1617_2_reg_13076       |    1|   0|    1|          0|
    |p_12_reg_12648              |    3|   0|    3|          0|
    |p_29_reg_12663              |    3|   0|    3|          0|
    |p_31_reg_12761              |    3|   0|    3|          0|
    |p_48_reg_12680              |    3|   0|    3|          0|
    |p_4_reg_12349               |    2|   0|    2|          0|
    |p_50_reg_12777              |    3|   0|    3|          0|
    |p_65_reg_12703              |    3|   0|    3|          0|
    |p_67_reg_12794              |    3|   0|    3|          0|
    |p_80_reg_12726              |    3|   0|    3|          0|
    |p_82_reg_12815              |    3|   0|    3|          0|
    |reg_4497                    |   32|   0|   32|          0|
    |reg_4505                    |   32|   0|   32|          0|
    |reg_4514                    |   32|   0|   32|          0|
    |reg_4519                    |   32|   0|   32|          0|
    |reg_4524                    |   32|   0|   32|          0|
    |reg_4529                    |   32|   0|   32|          0|
    |reg_4534                    |   32|   0|   32|          0|
    |reg_4540                    |   32|   0|   32|          0|
    |reg_4546                    |   32|   0|   32|          0|
    |reg_4555                    |   32|   0|   32|          0|
    |reg_4564                    |   32|   0|   32|          0|
    |reg_4570                    |   32|   0|   32|          0|
    |reg_4576                    |   32|   0|   32|          0|
    |reg_4584                    |   32|   0|   32|          0|
    |reg_4591                    |   32|   0|   32|          0|
    |reg_4600                    |   32|   0|   32|          0|
    |reg_4608                    |   32|   0|   32|          0|
    |reg_4616                    |   32|   0|   32|          0|
    |reg_4625                    |   32|   0|   32|          0|
    |reg_4634                    |   32|   0|   32|          0|
    |reg_4644                    |   32|   0|   32|          0|
    |reg_4652                    |   32|   0|   32|          0|
    |reg_4660                    |   32|   0|   32|          0|
    |reg_4669                    |   32|   0|   32|          0|
    |reg_4678                    |   32|   0|   32|          0|
    |reg_4684                    |   32|   0|   32|          0|
    |tmp_148_reg_13158           |    1|   0|    1|          0|
    |tmp_18_reg_12261            |    1|   0|    1|          0|
    |tmp_19_reg_12212            |    1|   0|    1|          0|
    |tmp_1_reg_12164             |    1|   0|    1|          0|
    |tmp_20_reg_12273            |    1|   0|    1|          0|
    |tmp_21_reg_12354            |    1|   0|    1|          0|
    |tmp_22_reg_12426            |    1|   0|    1|          0|
    |tmp_23_reg_12500            |    1|   0|    1|          0|
    |tmp_24_reg_12574            |    1|   0|    1|          0|
    |tmp_25_reg_12653            |    1|   0|    1|          0|
    |tmp_26_reg_12751            |    1|   0|    1|          0|
    |tmp_27_reg_12845            |    1|   0|    1|          0|
    |tmp_2_reg_12168             |    1|   0|    1|          0|
    |tmp_35_reg_12286            |    1|   0|    1|          0|
    |tmp_36_reg_12224            |    1|   0|    1|          0|
    |tmp_37_reg_12298            |    1|   0|    1|          0|
    |tmp_38_reg_12373            |    1|   0|    1|          0|
    |tmp_39_reg_12447            |    1|   0|    1|          0|
    |tmp_3_reg_12172             |    1|   0|    1|          0|
    |tmp_40_reg_12521            |    1|   0|    1|          0|
    |tmp_41_reg_12595            |    1|   0|    1|          0|
    |tmp_47_reg_12308            |    1|   0|    1|          0|
    |tmp_48_reg_12245            |    1|   0|    1|          0|
    |tmp_49_reg_12464            |    1|   0|    1|          0|
    |tmp_4_reg_12176             |    1|   0|    1|          0|
    |tmp_50_reg_12692            |    1|   0|    1|          0|
    |tmp_51_reg_12788            |    1|   0|    1|          0|
    |tmp_56_reg_12327            |    1|   0|    1|          0|
    |tmp_57_reg_12544            |    1|   0|    1|          0|
    |tmp_58_reg_12715            |    1|   0|    1|          0|
    |tmp_59_reg_12878            |    1|   0|    1|          0|
    |tmp_5_reg_12180             |    1|   0|    1|          0|
    |tmp_64_reg_12407            |    1|   0|    1|          0|
    |tmp_65_reg_12629            |    1|   0|    1|          0|
    |tmp_66_reg_12826            |    1|   0|    1|          0|
    |tmp_67_reg_12895            |    1|   0|    1|          0|
    |tmp_6_reg_12184             |    1|   0|    1|          0|
    |tmp_reg_12135               |    1|   0|    1|          0|
    +----------------------------+-----+----+-----+-----------+
    |Total                       | 4863|   0| 4863|          0|
    +----------------------------+-----+----+-----+-----------+



================================================================
== Interface
================================================================
* Summary: 
+-----------------------------+-----+-----+------------+-----------------------------------+--------------+
|          RTL Ports          | Dir | Bits|  Protocol  |           Source Object           |    C Type    |
+-----------------------------+-----+-----+------------+-----------------------------------+--------------+
|ap_clk                       |   in|    1|  ap_ctrl_hs|  c_CompactClassificationECOC_pre.1|  return value|
|ap_rst                       |   in|    1|  ap_ctrl_hs|  c_CompactClassificationECOC_pre.1|  return value|
|ap_start                     |   in|    1|  ap_ctrl_hs|  c_CompactClassificationECOC_pre.1|  return value|
|ap_done                      |  out|    1|  ap_ctrl_hs|  c_CompactClassificationECOC_pre.1|  return value|
|ap_idle                      |  out|    1|  ap_ctrl_hs|  c_CompactClassificationECOC_pre.1|  return value|
|ap_ready                     |  out|    1|  ap_ctrl_hs|  c_CompactClassificationECOC_pre.1|  return value|
|ap_return                    |  out|   64|  ap_ctrl_hs|  c_CompactClassificationECOC_pre.1|  return value|
|Mdl_BinaryLearners_address0  |  out|    9|   ap_memory|                 Mdl_BinaryLearners|         array|
|Mdl_BinaryLearners_ce0       |  out|    1|   ap_memory|                 Mdl_BinaryLearners|         array|
|Mdl_BinaryLearners_q0        |   in|   64|   ap_memory|                 Mdl_BinaryLearners|         array|
|Mdl_BinaryLearners_address1  |  out|    9|   ap_memory|                 Mdl_BinaryLearners|         array|
|Mdl_BinaryLearners_ce1       |  out|    1|   ap_memory|                 Mdl_BinaryLearners|         array|
|Mdl_BinaryLearners_q1        |   in|   64|   ap_memory|                 Mdl_BinaryLearners|         array|
|p_read                       |   in|   32|     ap_none|                             p_read|        scalar|
|p_read1                      |   in|   32|     ap_none|                            p_read1|        scalar|
|p_read2                      |   in|   32|     ap_none|                            p_read2|        scalar|
|p_read3                      |   in|   32|     ap_none|                            p_read3|        scalar|
|p_read4                      |   in|   32|     ap_none|                            p_read4|        scalar|
|p_read5                      |   in|   32|     ap_none|                            p_read5|        scalar|
|p_read6                      |   in|   32|     ap_none|                            p_read6|        scalar|
|p_read7                      |   in|   32|     ap_none|                            p_read7|        scalar|
|p_read8                      |   in|   32|     ap_none|                            p_read8|        scalar|
|p_read9                      |   in|   32|     ap_none|                            p_read9|        scalar|
|p_read10                     |   in|   32|     ap_none|                           p_read10|        scalar|
|p_read11                     |   in|   32|     ap_none|                           p_read11|        scalar|
|p_read12                     |   in|   32|     ap_none|                           p_read12|        scalar|
|p_read13                     |   in|   32|     ap_none|                           p_read13|        scalar|
|p_read14                     |   in|   32|     ap_none|                           p_read14|        scalar|
|p_read15                     |   in|   32|     ap_none|                           p_read15|        scalar|
|p_read16                     |   in|   32|     ap_none|                           p_read16|        scalar|
|p_read17                     |   in|   32|     ap_none|                           p_read17|        scalar|
|p_read18                     |   in|   32|     ap_none|                           p_read18|        scalar|
|p_read19                     |   in|   32|     ap_none|                           p_read19|        scalar|
|p_read20                     |   in|   32|     ap_none|                           p_read20|        scalar|
|p_read21                     |   in|   32|     ap_none|                           p_read21|        scalar|
|p_read22                     |   in|   32|     ap_none|                           p_read22|        scalar|
|p_read23                     |   in|   32|     ap_none|                           p_read23|        scalar|
|p_read24                     |   in|   32|     ap_none|                           p_read24|        scalar|
|p_read25                     |   in|   32|     ap_none|                           p_read25|        scalar|
|p_read26                     |   in|   32|     ap_none|                           p_read26|        scalar|
|p_read27                     |   in|   32|     ap_none|                           p_read27|        scalar|
|p_read28                     |   in|   32|     ap_none|                           p_read28|        scalar|
|p_read29                     |   in|   32|     ap_none|                           p_read29|        scalar|
|p_read30                     |   in|   32|     ap_none|                           p_read30|        scalar|
|p_read31                     |   in|   32|     ap_none|                           p_read31|        scalar|
+-----------------------------+-----+-----+------------+-----------------------------------+--------------+

