

================================================================
== Vitis HLS Report for 'rtIsNaNF'
================================================================
* Date:           Sat Dec 24 04:25:07 2022

* Version:        2022.2 (Build 3670227 on Oct 13 2022)
* Project:        SVM_speech_30
* Solution:       solution1 (Vivado IP Flow Target)
* Product family: zynq
* Target device:  xc7z020-clg400-1


================================================================
== Performance Estimates
================================================================
+ Timing: 
    * Summary: 
    +--------+---------+-----------+------------+
    |  Clock |  Target | Estimated | Uncertainty|
    +--------+---------+-----------+------------+
    |ap_clk  |  0.10 us|  22.358 ns|    27.00 ns|
    +--------+---------+-----------+------------+

+ Latency: 
    * Summary: 
    +---------+---------+----------+----------+-----+-----+---------+
    |  Latency (cycles) |  Latency (absolute) |  Interval | Pipeline|
    |   min   |   max   |    min   |    max   | min | max |   Type  |
    +---------+---------+----------+----------+-----+-----+---------+
    |        0|        0|      0 ns|      0 ns|    0|    0|       no|
    +---------+---------+----------+----------+-----+-----+---------+

    + Detail: 
        * Instance: 
        N/A

        * Loop: 
        N/A



================================================================
== Utilization Estimates
================================================================
* Summary: 
+-----------------+---------+-----+--------+-------+-----+
|       Name      | BRAM_18K| DSP |   FF   |  LUT  | URAM|
+-----------------+---------+-----+--------+-------+-----+
|DSP              |        -|    -|       -|      -|    -|
|Expression       |        -|    -|       0|     37|    -|
|FIFO             |        -|    -|       -|      -|    -|
|Instance         |        -|    -|       -|      -|    -|
|Memory           |        -|    -|       -|      -|    -|
|Multiplexer      |        -|    -|       -|      -|    -|
|Register         |        -|    -|       -|      -|    -|
+-----------------+---------+-----+--------+-------+-----+
|Total            |        0|    0|       0|     37|    0|
+-----------------+---------+-----+--------+-------+-----+
|Available        |      280|  220|  106400|  53200|    0|
+-----------------+---------+-----+--------+-------+-----+
|Utilization (%)  |        0|    0|       0|     ~0|    0|
+-----------------+---------+-----+--------+-------+-----+

+ Detail: 
    * Instance: 
    +------------------------------+--------------------------+---------+----+---+----+-----+
    |           Instance           |          Module          | BRAM_18K| DSP| FF| LUT| URAM|
    +------------------------------+--------------------------+---------+----+---+----+-----+
    |fpext_32ns_64_1_no_dsp_1_U21  |fpext_32ns_64_1_no_dsp_1  |        0|   0|  0|   0|    0|
    +------------------------------+--------------------------+---------+----+---+----+-----+
    |Total                         |                          |        0|   0|  0|   0|    0|
    +------------------------------+--------------------------+---------+----+---+----+-----+

    * DSP: 
    N/A

    * Memory: 
    N/A

    * FIFO: 
    N/A

    * Expression: 
    +----------------------+----------+----+---+----+------------+------------+
    |     Variable Name    | Operation| DSP| FF| LUT| Bitwidth P0| Bitwidth P1|
    +----------------------+----------+----+---+----+------------+------------+
    |ap_return             |       and|   0|  0|   2|           1|           1|
    |icmp_ln1019_fu_42_p2  |      icmp|   0|  0|  11|          11|           2|
    |icmp_ln1023_fu_48_p2  |      icmp|   0|  0|  24|          52|           1|
    +----------------------+----------+----+---+----+------------+------------+
    |Total                 |          |   0|  0|  37|          64|           4|
    +----------------------+----------+----+---+----+------------+------------+

    * Multiplexer: 
    N/A

    * Register: 
    N/A



================================================================
== Interface
================================================================
* Summary: 
+-----------+-----+-----+------------+--------------+--------------+
| RTL Ports | Dir | Bits|  Protocol  | Source Object|    C Type    |
+-----------+-----+-----+------------+--------------+--------------+
|ap_ready   |  out|    1|  ap_ctrl_hs|      rtIsNaNF|  return value|
|ap_return  |  out|    1|  ap_ctrl_hs|      rtIsNaNF|  return value|
|value_r    |   in|   32|     ap_none|       value_r|        scalar|
+-----------+-----+-----+------------+--------------+--------------+

