Copyright 1986-2022 Xilinx, Inc. All Rights Reserved.
----------------------------------------------------------------------------------------------------------------------------------------
| Tool Version : Vivado v.2022.2 (win64) Build 3671981 Fri Oct 14 05:00:03 MDT 2022
| Date         : Sat Dec 24 04:50:06 2022
| Host         : IHSANALHAFIZ-LAPTOP running 64-bit major release  (build 9200)
| Command      : report_utilization -hierarchical -hierarchical_depth 6 -file ./report/svm_speech_30_utilization_hierarchical_synth.rpt
| Design       : bd_0_wrapper
| Device       : xc7z020clg400-1
| Speed File   : -1
| Design State : Synthesized
----------------------------------------------------------------------------------------------------------------------------------------

Utilization Design Information

Table of Contents
-----------------
1. Utilization by Hierarchy

1. Utilization by Hierarchy
---------------------------

+-------------------------------------------------------------------+---------------------------------------------------------------------------------------+------------+------------+---------+------+------+--------+--------+------------+
|                              Instance                             |                                         Module                                        | Total LUTs | Logic LUTs | LUTRAMs | SRLs |  FFs | RAMB36 | RAMB18 | DSP Blocks |
+-------------------------------------------------------------------+---------------------------------------------------------------------------------------+------------+------------+---------+------+------+--------+--------+------------+
| bd_0_wrapper                                                      |                                                                                 (top) |      22802 |      22802 |       0 |    0 | 8900 |     13 |      0 |         31 |
|   bd_0_i                                                          |                                                                                  bd_0 |      22802 |      22802 |       0 |    0 | 8900 |     13 |      0 |         31 |
|     hls_inst                                                      |                                                                       bd_0_hls_inst_0 |      22802 |      22802 |       0 |    0 | 8900 |     13 |      0 |         31 |
|       (hls_inst)                                                  |                                                                       bd_0_hls_inst_0 |          0 |          0 |       0 |    0 |    0 |      0 |      0 |          0 |
|       U0                                                          |                                                         bd_0_hls_inst_0_svm_speech_30 |      22802 |      22802 |       0 |    0 | 8900 |     13 |      0 |         31 |
|         (U0)                                                      |                                                         bd_0_hls_inst_0_svm_speech_30 |         11 |         11 |       0 |    0 | 1127 |      0 |      0 |          0 |
|         Mdl_BinaryLearners_U                                      |                        bd_0_hls_inst_0_svm_speech_30_Mdl_BinaryLearners_RAM_AUTO_1R1W |        321 |        321 |       0 |    0 |    0 |      2 |      0 |          0 |
|         control_s_axi_U                                           |                                           bd_0_hls_inst_0_svm_speech_30_control_s_axi |         60 |         60 |       0 |    0 |   84 |      0 |      0 |          0 |
|         fptrunc_64ns_32_1_no_dsp_1_U105                           |                              bd_0_hls_inst_0_svm_speech_30_fptrunc_64ns_32_1_no_dsp_1 |         41 |         41 |       0 |    0 |    0 |      0 |      0 |          0 |
|           svm_speech_30_fptrunc_64ns_32_1_no_dsp_1_ip_u           |                      bd_0_hls_inst_0_svm_speech_30_fptrunc_64ns_32_1_no_dsp_1_ip_1305 |         41 |         41 |       0 |    0 |    0 |      0 |      0 |          0 |
|             (svm_speech_30_fptrunc_64ns_32_1_no_dsp_1_ip_u)       |                      bd_0_hls_inst_0_svm_speech_30_fptrunc_64ns_32_1_no_dsp_1_ip_1305 |          0 |          0 |       0 |    0 |    0 |      0 |      0 |          0 |
|             inst                                                  |                                bd_0_hls_inst_0_floating_point_v7_1_15__parameterized5 |         41 |         41 |       0 |    0 |    0 |      0 |      0 |          0 |
|         grp_c_CompactClassificationECOC_pre_1_fu_1489             |                       bd_0_hls_inst_0_svm_speech_30_c_CompactClassificationECOC_pre_1 |      20824 |      20824 |       0 |    0 | 6348 |      1 |      0 |         31 |
|           (grp_c_CompactClassificationECOC_pre_1_fu_1489)         |                       bd_0_hls_inst_0_svm_speech_30_c_CompactClassificationECOC_pre_1 |       1077 |       1077 |       0 |    0 | 4866 |      0 |      0 |          0 |
|           fadd_32ns_32ns_32_2_full_dsp_1_U31                      |                          bd_0_hls_inst_0_svm_speech_30_fadd_32ns_32ns_32_2_full_dsp_1 |        521 |        521 |       0 |    0 |   64 |      0 |      0 |          2 |
|             (fadd_32ns_32ns_32_2_full_dsp_1_U31)                  |                          bd_0_hls_inst_0_svm_speech_30_fadd_32ns_32ns_32_2_full_dsp_1 |         99 |         99 |       0 |    0 |   64 |      0 |      0 |          0 |
|             svm_speech_30_fadd_32ns_32ns_32_2_full_dsp_1_ip_u     |                       bd_0_hls_inst_0_svm_speech_30_fadd_32ns_32ns_32_2_full_dsp_1_ip |        422 |        422 |       0 |    0 |    0 |      0 |      0 |          2 |
|           faddfsub_32ns_32ns_32_2_full_dsp_1_U24                  |                      bd_0_hls_inst_0_svm_speech_30_faddfsub_32ns_32ns_32_2_full_dsp_1 |        625 |        625 |       0 |    0 |   65 |      0 |      0 |          2 |
|             (faddfsub_32ns_32ns_32_2_full_dsp_1_U24)              |                      bd_0_hls_inst_0_svm_speech_30_faddfsub_32ns_32ns_32_2_full_dsp_1 |        221 |        221 |       0 |    0 |   65 |      0 |      0 |          0 |
|             svm_speech_30_faddfsub_32ns_32ns_32_2_full_dsp_1_ip_u |              bd_0_hls_inst_0_svm_speech_30_faddfsub_32ns_32ns_32_2_full_dsp_1_ip_1259 |        404 |        404 |       0 |    0 |    0 |      0 |      0 |          2 |
|           faddfsub_32ns_32ns_32_2_full_dsp_1_U25                  |                    bd_0_hls_inst_0_svm_speech_30_faddfsub_32ns_32ns_32_2_full_dsp_1_9 |       1023 |       1023 |       0 |    0 |   65 |      0 |      0 |          2 |
|             (faddfsub_32ns_32ns_32_2_full_dsp_1_U25)              |                    bd_0_hls_inst_0_svm_speech_30_faddfsub_32ns_32ns_32_2_full_dsp_1_9 |        345 |        345 |       0 |    0 |   65 |      0 |      0 |          0 |
|             svm_speech_30_faddfsub_32ns_32ns_32_2_full_dsp_1_ip_u |              bd_0_hls_inst_0_svm_speech_30_faddfsub_32ns_32ns_32_2_full_dsp_1_ip_1235 |        678 |        678 |       0 |    0 |    0 |      0 |      0 |          2 |
|           faddfsub_32ns_32ns_32_2_full_dsp_1_U26                  |                   bd_0_hls_inst_0_svm_speech_30_faddfsub_32ns_32ns_32_2_full_dsp_1_10 |        665 |        665 |       0 |    0 |   65 |      0 |      0 |          2 |
|             (faddfsub_32ns_32ns_32_2_full_dsp_1_U26)              |                   bd_0_hls_inst_0_svm_speech_30_faddfsub_32ns_32ns_32_2_full_dsp_1_10 |        197 |        197 |       0 |    0 |   65 |      0 |      0 |          0 |
|             svm_speech_30_faddfsub_32ns_32ns_32_2_full_dsp_1_ip_u |              bd_0_hls_inst_0_svm_speech_30_faddfsub_32ns_32ns_32_2_full_dsp_1_ip_1211 |        468 |        468 |       0 |    0 |    0 |      0 |      0 |          2 |
|           faddfsub_32ns_32ns_32_2_full_dsp_1_U27                  |                   bd_0_hls_inst_0_svm_speech_30_faddfsub_32ns_32ns_32_2_full_dsp_1_11 |        757 |        757 |       0 |    0 |   65 |      0 |      0 |          2 |
|             (faddfsub_32ns_32ns_32_2_full_dsp_1_U27)              |                   bd_0_hls_inst_0_svm_speech_30_faddfsub_32ns_32ns_32_2_full_dsp_1_11 |        207 |        207 |       0 |    0 |   65 |      0 |      0 |          0 |
|             svm_speech_30_faddfsub_32ns_32ns_32_2_full_dsp_1_ip_u |              bd_0_hls_inst_0_svm_speech_30_faddfsub_32ns_32ns_32_2_full_dsp_1_ip_1187 |        550 |        550 |       0 |    0 |    0 |      0 |      0 |          2 |
|           faddfsub_32ns_32ns_32_2_full_dsp_1_U28                  |                   bd_0_hls_inst_0_svm_speech_30_faddfsub_32ns_32ns_32_2_full_dsp_1_12 |        686 |        686 |       0 |    0 |   65 |      0 |      0 |          2 |
|             (faddfsub_32ns_32ns_32_2_full_dsp_1_U28)              |                   bd_0_hls_inst_0_svm_speech_30_faddfsub_32ns_32ns_32_2_full_dsp_1_12 |        168 |        168 |       0 |    0 |   65 |      0 |      0 |          0 |
|             svm_speech_30_faddfsub_32ns_32ns_32_2_full_dsp_1_ip_u |              bd_0_hls_inst_0_svm_speech_30_faddfsub_32ns_32ns_32_2_full_dsp_1_ip_1163 |        518 |        518 |       0 |    0 |    0 |      0 |      0 |          2 |
|           faddfsub_32ns_32ns_32_2_full_dsp_1_U29                  |                   bd_0_hls_inst_0_svm_speech_30_faddfsub_32ns_32ns_32_2_full_dsp_1_13 |        563 |        563 |       0 |    0 |   65 |      0 |      0 |          2 |
|             (faddfsub_32ns_32ns_32_2_full_dsp_1_U29)              |                   bd_0_hls_inst_0_svm_speech_30_faddfsub_32ns_32ns_32_2_full_dsp_1_13 |        135 |        135 |       0 |    0 |   65 |      0 |      0 |          0 |
|             svm_speech_30_faddfsub_32ns_32ns_32_2_full_dsp_1_ip_u |              bd_0_hls_inst_0_svm_speech_30_faddfsub_32ns_32ns_32_2_full_dsp_1_ip_1139 |        428 |        428 |       0 |    0 |    0 |      0 |      0 |          2 |
|           faddfsub_32ns_32ns_32_2_full_dsp_1_U30                  |                   bd_0_hls_inst_0_svm_speech_30_faddfsub_32ns_32ns_32_2_full_dsp_1_14 |        524 |        524 |       0 |    0 |   65 |      0 |      0 |          2 |
|             (faddfsub_32ns_32ns_32_2_full_dsp_1_U30)              |                   bd_0_hls_inst_0_svm_speech_30_faddfsub_32ns_32ns_32_2_full_dsp_1_14 |        101 |        101 |       0 |    0 |   65 |      0 |      0 |          0 |
|             svm_speech_30_faddfsub_32ns_32ns_32_2_full_dsp_1_ip_u |                   bd_0_hls_inst_0_svm_speech_30_faddfsub_32ns_32ns_32_2_full_dsp_1_ip |        423 |        423 |       0 |    0 |    0 |      0 |      0 |          2 |
|           fcmp_32ns_32ns_1_1_no_dsp_1_U56                         |                             bd_0_hls_inst_0_svm_speech_30_fcmp_32ns_32ns_1_1_no_dsp_1 |        168 |        168 |       0 |    0 |    0 |      0 |      0 |          0 |
|             svm_speech_30_fcmp_32ns_32ns_1_1_no_dsp_1_ip_u        |                     bd_0_hls_inst_0_svm_speech_30_fcmp_32ns_32ns_1_1_no_dsp_1_ip_1113 |        168 |        168 |       0 |    0 |    0 |      0 |      0 |          0 |
|           fcmp_32ns_32ns_1_1_no_dsp_1_U57                         |                          bd_0_hls_inst_0_svm_speech_30_fcmp_32ns_32ns_1_1_no_dsp_1_15 |        122 |        122 |       0 |    0 |    0 |      0 |      0 |          0 |
|             svm_speech_30_fcmp_32ns_32ns_1_1_no_dsp_1_ip_u        |                     bd_0_hls_inst_0_svm_speech_30_fcmp_32ns_32ns_1_1_no_dsp_1_ip_1097 |        122 |        122 |       0 |    0 |    0 |      0 |      0 |          0 |
|           fcmp_32ns_32ns_1_1_no_dsp_1_U58                         |                          bd_0_hls_inst_0_svm_speech_30_fcmp_32ns_32ns_1_1_no_dsp_1_16 |        146 |        146 |       0 |    0 |    0 |      0 |      0 |          0 |
|             svm_speech_30_fcmp_32ns_32ns_1_1_no_dsp_1_ip_u        |                     bd_0_hls_inst_0_svm_speech_30_fcmp_32ns_32ns_1_1_no_dsp_1_ip_1081 |        146 |        146 |       0 |    0 |    0 |      0 |      0 |          0 |
|           fcmp_32ns_32ns_1_1_no_dsp_1_U59                         |                          bd_0_hls_inst_0_svm_speech_30_fcmp_32ns_32ns_1_1_no_dsp_1_17 |         88 |         88 |       0 |    0 |    0 |      0 |      0 |          0 |
|             svm_speech_30_fcmp_32ns_32ns_1_1_no_dsp_1_ip_u        |                     bd_0_hls_inst_0_svm_speech_30_fcmp_32ns_32ns_1_1_no_dsp_1_ip_1065 |         88 |         88 |       0 |    0 |    0 |      0 |      0 |          0 |
|           fcmp_32ns_32ns_1_1_no_dsp_1_U60                         |                          bd_0_hls_inst_0_svm_speech_30_fcmp_32ns_32ns_1_1_no_dsp_1_18 |         92 |         92 |       0 |    0 |    0 |      0 |      0 |          0 |
|             svm_speech_30_fcmp_32ns_32ns_1_1_no_dsp_1_ip_u        |                     bd_0_hls_inst_0_svm_speech_30_fcmp_32ns_32ns_1_1_no_dsp_1_ip_1049 |         92 |         92 |       0 |    0 |    0 |      0 |      0 |          0 |
|           fcmp_32ns_32ns_1_1_no_dsp_1_U61                         |                          bd_0_hls_inst_0_svm_speech_30_fcmp_32ns_32ns_1_1_no_dsp_1_19 |         62 |         62 |       0 |    0 |    0 |      0 |      0 |          0 |
|             svm_speech_30_fcmp_32ns_32ns_1_1_no_dsp_1_ip_u        |                          bd_0_hls_inst_0_svm_speech_30_fcmp_32ns_32ns_1_1_no_dsp_1_ip |         62 |         62 |       0 |    0 |    0 |      0 |      0 |          0 |
|           fdiv_32ns_32ns_32_3_no_dsp_1_U37                        |                            bd_0_hls_inst_0_svm_speech_30_fdiv_32ns_32ns_32_3_no_dsp_1 |       1016 |       1016 |       0 |    0 |   97 |      0 |      0 |          0 |
|             (fdiv_32ns_32ns_32_3_no_dsp_1_U37)                    |                            bd_0_hls_inst_0_svm_speech_30_fdiv_32ns_32ns_32_3_no_dsp_1 |        286 |        286 |       0 |    0 |   64 |      0 |      0 |          0 |
|             svm_speech_30_fdiv_32ns_32ns_32_3_no_dsp_1_ip_u       |                     bd_0_hls_inst_0_svm_speech_30_fdiv_32ns_32ns_32_3_no_dsp_1_ip_980 |        730 |        730 |       0 |    0 |   33 |      0 |      0 |          0 |
|           fdiv_32ns_32ns_32_3_no_dsp_1_U38                        |                         bd_0_hls_inst_0_svm_speech_30_fdiv_32ns_32ns_32_3_no_dsp_1_20 |       1557 |       1557 |       0 |    0 |   97 |      0 |      0 |          0 |
|             (fdiv_32ns_32ns_32_3_no_dsp_1_U38)                    |                         bd_0_hls_inst_0_svm_speech_30_fdiv_32ns_32ns_32_3_no_dsp_1_20 |        827 |        827 |       0 |    0 |   64 |      0 |      0 |          0 |
|             svm_speech_30_fdiv_32ns_32ns_32_3_no_dsp_1_ip_u       |                     bd_0_hls_inst_0_svm_speech_30_fdiv_32ns_32ns_32_3_no_dsp_1_ip_916 |        730 |        730 |       0 |    0 |   33 |      0 |      0 |          0 |
|           fdiv_32ns_32ns_32_3_no_dsp_1_U39                        |                         bd_0_hls_inst_0_svm_speech_30_fdiv_32ns_32ns_32_3_no_dsp_1_21 |        794 |        794 |       0 |    0 |   97 |      0 |      0 |          0 |
|             (fdiv_32ns_32ns_32_3_no_dsp_1_U39)                    |                         bd_0_hls_inst_0_svm_speech_30_fdiv_32ns_32ns_32_3_no_dsp_1_21 |         64 |         64 |       0 |    0 |   64 |      0 |      0 |          0 |
|             svm_speech_30_fdiv_32ns_32ns_32_3_no_dsp_1_ip_u       |                     bd_0_hls_inst_0_svm_speech_30_fdiv_32ns_32ns_32_3_no_dsp_1_ip_852 |        730 |        730 |       0 |    0 |   33 |      0 |      0 |          0 |
|           fdiv_32ns_32ns_32_3_no_dsp_1_U40                        |                         bd_0_hls_inst_0_svm_speech_30_fdiv_32ns_32ns_32_3_no_dsp_1_22 |        794 |        794 |       0 |    0 |   97 |      0 |      0 |          0 |
|             (fdiv_32ns_32ns_32_3_no_dsp_1_U40)                    |                         bd_0_hls_inst_0_svm_speech_30_fdiv_32ns_32ns_32_3_no_dsp_1_22 |         64 |         64 |       0 |    0 |   64 |      0 |      0 |          0 |
|             svm_speech_30_fdiv_32ns_32ns_32_3_no_dsp_1_ip_u       |                     bd_0_hls_inst_0_svm_speech_30_fdiv_32ns_32ns_32_3_no_dsp_1_ip_788 |        730 |        730 |       0 |    0 |   33 |      0 |      0 |          0 |
|           fdiv_32ns_32ns_32_3_no_dsp_1_U41                        |                         bd_0_hls_inst_0_svm_speech_30_fdiv_32ns_32ns_32_3_no_dsp_1_23 |        762 |        762 |       0 |    0 |   97 |      0 |      0 |          0 |
|             (fdiv_32ns_32ns_32_3_no_dsp_1_U41)                    |                         bd_0_hls_inst_0_svm_speech_30_fdiv_32ns_32ns_32_3_no_dsp_1_23 |         32 |         32 |       0 |    0 |   64 |      0 |      0 |          0 |
|             svm_speech_30_fdiv_32ns_32ns_32_3_no_dsp_1_ip_u       |                     bd_0_hls_inst_0_svm_speech_30_fdiv_32ns_32ns_32_3_no_dsp_1_ip_724 |        730 |        730 |       0 |    0 |   33 |      0 |      0 |          0 |
|           fdiv_32ns_32ns_32_3_no_dsp_1_U42                        |                         bd_0_hls_inst_0_svm_speech_30_fdiv_32ns_32ns_32_3_no_dsp_1_24 |        730 |        730 |       0 |    0 |   65 |      0 |      0 |          0 |
|             (fdiv_32ns_32ns_32_3_no_dsp_1_U42)                    |                         bd_0_hls_inst_0_svm_speech_30_fdiv_32ns_32ns_32_3_no_dsp_1_24 |          0 |          0 |       0 |    0 |   32 |      0 |      0 |          0 |
|             svm_speech_30_fdiv_32ns_32ns_32_3_no_dsp_1_ip_u       |                     bd_0_hls_inst_0_svm_speech_30_fdiv_32ns_32ns_32_3_no_dsp_1_ip_660 |        730 |        730 |       0 |    0 |   33 |      0 |      0 |          0 |
|           fdiv_32ns_32ns_32_3_no_dsp_1_U43                        |                         bd_0_hls_inst_0_svm_speech_30_fdiv_32ns_32ns_32_3_no_dsp_1_25 |        730 |        730 |       0 |    0 |   65 |      0 |      0 |          0 |
|             (fdiv_32ns_32ns_32_3_no_dsp_1_U43)                    |                         bd_0_hls_inst_0_svm_speech_30_fdiv_32ns_32ns_32_3_no_dsp_1_25 |          0 |          0 |       0 |    0 |   32 |      0 |      0 |          0 |
|             svm_speech_30_fdiv_32ns_32ns_32_3_no_dsp_1_ip_u       |                     bd_0_hls_inst_0_svm_speech_30_fdiv_32ns_32ns_32_3_no_dsp_1_ip_596 |        730 |        730 |       0 |    0 |   33 |      0 |      0 |          0 |
|           fdiv_32ns_32ns_32_3_no_dsp_1_U44                        |                         bd_0_hls_inst_0_svm_speech_30_fdiv_32ns_32ns_32_3_no_dsp_1_26 |        730 |        730 |       0 |    0 |   65 |      0 |      0 |          0 |
|             (fdiv_32ns_32ns_32_3_no_dsp_1_U44)                    |                         bd_0_hls_inst_0_svm_speech_30_fdiv_32ns_32ns_32_3_no_dsp_1_26 |          0 |          0 |       0 |    0 |   32 |      0 |      0 |          0 |
|             svm_speech_30_fdiv_32ns_32ns_32_3_no_dsp_1_ip_u       |                     bd_0_hls_inst_0_svm_speech_30_fdiv_32ns_32ns_32_3_no_dsp_1_ip_532 |        730 |        730 |       0 |    0 |   33 |      0 |      0 |          0 |
|           fdiv_32ns_32ns_32_3_no_dsp_1_U45                        |                         bd_0_hls_inst_0_svm_speech_30_fdiv_32ns_32ns_32_3_no_dsp_1_27 |        730 |        730 |       0 |    0 |   97 |      0 |      0 |          0 |
|             (fdiv_32ns_32ns_32_3_no_dsp_1_U45)                    |                         bd_0_hls_inst_0_svm_speech_30_fdiv_32ns_32ns_32_3_no_dsp_1_27 |          0 |          0 |       0 |    0 |   64 |      0 |      0 |          0 |
|             svm_speech_30_fdiv_32ns_32ns_32_3_no_dsp_1_ip_u       |                     bd_0_hls_inst_0_svm_speech_30_fdiv_32ns_32ns_32_3_no_dsp_1_ip_468 |        730 |        730 |       0 |    0 |   33 |      0 |      0 |          0 |
|           fdiv_32ns_32ns_32_3_no_dsp_1_U46                        |                         bd_0_hls_inst_0_svm_speech_30_fdiv_32ns_32ns_32_3_no_dsp_1_28 |        730 |        730 |       0 |    0 |   65 |      0 |      0 |          0 |
|             (fdiv_32ns_32ns_32_3_no_dsp_1_U46)                    |                         bd_0_hls_inst_0_svm_speech_30_fdiv_32ns_32ns_32_3_no_dsp_1_28 |          0 |          0 |       0 |    0 |   32 |      0 |      0 |          0 |
|             svm_speech_30_fdiv_32ns_32ns_32_3_no_dsp_1_ip_u       |                     bd_0_hls_inst_0_svm_speech_30_fdiv_32ns_32ns_32_3_no_dsp_1_ip_404 |        730 |        730 |       0 |    0 |   33 |      0 |      0 |          0 |
|           fdiv_32ns_32ns_32_3_no_dsp_1_U47                        |                         bd_0_hls_inst_0_svm_speech_30_fdiv_32ns_32ns_32_3_no_dsp_1_29 |        730 |        730 |       0 |    0 |   65 |      0 |      0 |          0 |
|             (fdiv_32ns_32ns_32_3_no_dsp_1_U47)                    |                         bd_0_hls_inst_0_svm_speech_30_fdiv_32ns_32ns_32_3_no_dsp_1_29 |          0 |          0 |       0 |    0 |   32 |      0 |      0 |          0 |
|             svm_speech_30_fdiv_32ns_32ns_32_3_no_dsp_1_ip_u       |                     bd_0_hls_inst_0_svm_speech_30_fdiv_32ns_32ns_32_3_no_dsp_1_ip_340 |        730 |        730 |       0 |    0 |   33 |      0 |      0 |          0 |
|           fdiv_32ns_32ns_32_3_no_dsp_1_U48                        |                         bd_0_hls_inst_0_svm_speech_30_fdiv_32ns_32ns_32_3_no_dsp_1_30 |        730 |        730 |       0 |    0 |   33 |      0 |      0 |          0 |
|             svm_speech_30_fdiv_32ns_32ns_32_3_no_dsp_1_ip_u       |                         bd_0_hls_inst_0_svm_speech_30_fdiv_32ns_32ns_32_3_no_dsp_1_ip |        730 |        730 |       0 |    0 |   33 |      0 |      0 |          0 |
|           fmul_32ns_32ns_32_1_max_dsp_1_U32                       |                           bd_0_hls_inst_0_svm_speech_30_fmul_32ns_32ns_32_1_max_dsp_1 |        344 |        344 |       0 |    0 |    0 |      0 |      0 |          3 |
|             svm_speech_30_fmul_32ns_32ns_32_1_max_dsp_1_ip_u      |                    bd_0_hls_inst_0_svm_speech_30_fmul_32ns_32ns_32_1_max_dsp_1_ip_267 |        344 |        344 |       0 |    0 |    0 |      0 |      0 |          3 |
|           fmul_32ns_32ns_32_1_max_dsp_1_U33                       |                        bd_0_hls_inst_0_svm_speech_30_fmul_32ns_32ns_32_1_max_dsp_1_31 |        211 |        211 |       0 |    0 |    0 |      0 |      0 |          3 |
|             svm_speech_30_fmul_32ns_32ns_32_1_max_dsp_1_ip_u      |                    bd_0_hls_inst_0_svm_speech_30_fmul_32ns_32ns_32_1_max_dsp_1_ip_249 |        211 |        211 |       0 |    0 |    0 |      0 |      0 |          3 |
|           fmul_32ns_32ns_32_1_max_dsp_1_U34                       |                        bd_0_hls_inst_0_svm_speech_30_fmul_32ns_32ns_32_1_max_dsp_1_32 |        115 |        115 |       0 |    0 |    0 |      0 |      0 |          3 |
|             svm_speech_30_fmul_32ns_32ns_32_1_max_dsp_1_ip_u      |                    bd_0_hls_inst_0_svm_speech_30_fmul_32ns_32ns_32_1_max_dsp_1_ip_231 |        115 |        115 |       0 |    0 |    0 |      0 |      0 |          3 |
|           fmul_32ns_32ns_32_1_max_dsp_1_U35                       |                        bd_0_hls_inst_0_svm_speech_30_fmul_32ns_32ns_32_1_max_dsp_1_33 |         83 |         83 |       0 |    0 |    0 |      0 |      0 |          3 |
|             svm_speech_30_fmul_32ns_32ns_32_1_max_dsp_1_ip_u      |                    bd_0_hls_inst_0_svm_speech_30_fmul_32ns_32ns_32_1_max_dsp_1_ip_213 |         83 |         83 |       0 |    0 |    0 |      0 |      0 |          3 |
|           fmul_32ns_32ns_32_1_max_dsp_1_U36                       |                        bd_0_hls_inst_0_svm_speech_30_fmul_32ns_32ns_32_1_max_dsp_1_34 |         71 |         71 |       0 |    0 |    0 |      0 |      0 |          3 |
|             svm_speech_30_fmul_32ns_32ns_32_1_max_dsp_1_ip_u      |                        bd_0_hls_inst_0_svm_speech_30_fmul_32ns_32ns_32_1_max_dsp_1_ip |         71 |         71 |       0 |    0 |    0 |      0 |      0 |          3 |
|           fptrunc_64ns_32_1_no_dsp_1_U54                          |                           bd_0_hls_inst_0_svm_speech_30_fptrunc_64ns_32_1_no_dsp_1_35 |        108 |        108 |       0 |    0 |    0 |      0 |      0 |          0 |
|             svm_speech_30_fptrunc_64ns_32_1_no_dsp_1_ip_u         |                       bd_0_hls_inst_0_svm_speech_30_fptrunc_64ns_32_1_no_dsp_1_ip_198 |        108 |        108 |       0 |    0 |    0 |      0 |      0 |          0 |
|           fptrunc_64ns_32_1_no_dsp_1_U55                          |                           bd_0_hls_inst_0_svm_speech_30_fptrunc_64ns_32_1_no_dsp_1_36 |        140 |        140 |       0 |    0 |    0 |      0 |      0 |          0 |
|             svm_speech_30_fptrunc_64ns_32_1_no_dsp_1_ip_u         |                           bd_0_hls_inst_0_svm_speech_30_fptrunc_64ns_32_1_no_dsp_1_ip |        140 |        140 |       0 |    0 |    0 |      0 |      0 |          0 |
|           grp_rtIsNaNF_fu_4169                                    |                                                bd_0_hls_inst_0_svm_speech_30_rtIsNaNF |        357 |        357 |       0 |    0 |    0 |      0 |      0 |          0 |
|             fpext_32ns_64_1_no_dsp_1_U21                          |                            bd_0_hls_inst_0_svm_speech_30_fpext_32ns_64_1_no_dsp_1_190 |        357 |        357 |       0 |    0 |    0 |      0 |      0 |          0 |
|           grp_rtIsNaNF_fu_4174                                    |                                             bd_0_hls_inst_0_svm_speech_30_rtIsNaNF_37 |         88 |         88 |       0 |    0 |    0 |      0 |      0 |          0 |
|             fpext_32ns_64_1_no_dsp_1_U21                          |                            bd_0_hls_inst_0_svm_speech_30_fpext_32ns_64_1_no_dsp_1_182 |         88 |         88 |       0 |    0 |    0 |      0 |      0 |          0 |
|           grp_rtIsNaNF_fu_4179                                    |                                             bd_0_hls_inst_0_svm_speech_30_rtIsNaNF_38 |        129 |        129 |       0 |    0 |    0 |      0 |      0 |          0 |
|             fpext_32ns_64_1_no_dsp_1_U21                          |                            bd_0_hls_inst_0_svm_speech_30_fpext_32ns_64_1_no_dsp_1_174 |        129 |        129 |       0 |    0 |    0 |      0 |      0 |          0 |
|           grp_rtIsNaNF_fu_4184                                    |                                             bd_0_hls_inst_0_svm_speech_30_rtIsNaNF_39 |         88 |         88 |       0 |    0 |    0 |      0 |      0 |          0 |
|             fpext_32ns_64_1_no_dsp_1_U21                          |                            bd_0_hls_inst_0_svm_speech_30_fpext_32ns_64_1_no_dsp_1_166 |         88 |         88 |       0 |    0 |    0 |      0 |      0 |          0 |
|           grp_rtIsNaNF_fu_4189                                    |                                             bd_0_hls_inst_0_svm_speech_30_rtIsNaNF_40 |        146 |        146 |       0 |    0 |    0 |      0 |      0 |          0 |
|             fpext_32ns_64_1_no_dsp_1_U21                          |                            bd_0_hls_inst_0_svm_speech_30_fpext_32ns_64_1_no_dsp_1_158 |        146 |        146 |       0 |    0 |    0 |      0 |      0 |          0 |
|           grp_rtIsNaNF_fu_4194                                    |                                             bd_0_hls_inst_0_svm_speech_30_rtIsNaNF_41 |         88 |         88 |       0 |    0 |    0 |      0 |      0 |          0 |
|             fpext_32ns_64_1_no_dsp_1_U21                          |                            bd_0_hls_inst_0_svm_speech_30_fpext_32ns_64_1_no_dsp_1_150 |         88 |         88 |       0 |    0 |    0 |      0 |      0 |          0 |
|           negloss_U                                               | bd_0_hls_inst_0_svm_speech_30_c_CompactClassificationECOC_pre_1_negloss_RAM_AUTO_1R1W |        259 |        259 |       0 |    0 |    0 |      1 |      0 |          0 |
|           sitodp_32ns_64_2_no_dsp_1_U62                           |                               bd_0_hls_inst_0_svm_speech_30_sitodp_32ns_64_2_no_dsp_1 |        240 |        240 |       0 |    0 |    3 |      0 |      0 |          0 |
|             (sitodp_32ns_64_2_no_dsp_1_U62)                       |                               bd_0_hls_inst_0_svm_speech_30_sitodp_32ns_64_2_no_dsp_1 |          0 |          0 |       0 |    0 |    3 |      0 |      0 |          0 |
|             svm_speech_30_sitodp_32ns_64_2_no_dsp_1_ip_u          |                            bd_0_hls_inst_0_svm_speech_30_sitodp_32ns_64_2_no_dsp_1_ip |        240 |        240 |       0 |    0 |    0 |      0 |      0 |          0 |
|           sitofp_32ns_32_2_no_dsp_1_U49                           |                               bd_0_hls_inst_0_svm_speech_30_sitofp_32ns_32_2_no_dsp_1 |        137 |        137 |       0 |    0 |    4 |      0 |      0 |          0 |
|             (sitofp_32ns_32_2_no_dsp_1_U49)                       |                               bd_0_hls_inst_0_svm_speech_30_sitofp_32ns_32_2_no_dsp_1 |          3 |          3 |       0 |    0 |    4 |      0 |      0 |          0 |
|             svm_speech_30_sitofp_32ns_32_2_no_dsp_1_ip_u          |                        bd_0_hls_inst_0_svm_speech_30_sitofp_32ns_32_2_no_dsp_1_ip_132 |        134 |        134 |       0 |    0 |    0 |      0 |      0 |          0 |
|           sitofp_32ns_32_2_no_dsp_1_U50                           |                            bd_0_hls_inst_0_svm_speech_30_sitofp_32ns_32_2_no_dsp_1_42 |        137 |        137 |       0 |    0 |    4 |      0 |      0 |          0 |
|             (sitofp_32ns_32_2_no_dsp_1_U50)                       |                            bd_0_hls_inst_0_svm_speech_30_sitofp_32ns_32_2_no_dsp_1_42 |          3 |          3 |       0 |    0 |    4 |      0 |      0 |          0 |
|             svm_speech_30_sitofp_32ns_32_2_no_dsp_1_ip_u          |                        bd_0_hls_inst_0_svm_speech_30_sitofp_32ns_32_2_no_dsp_1_ip_119 |        134 |        134 |       0 |    0 |    0 |      0 |      0 |          0 |
|           sitofp_32ns_32_2_no_dsp_1_U51                           |                            bd_0_hls_inst_0_svm_speech_30_sitofp_32ns_32_2_no_dsp_1_43 |        137 |        137 |       0 |    0 |    4 |      0 |      0 |          0 |
|             (sitofp_32ns_32_2_no_dsp_1_U51)                       |                            bd_0_hls_inst_0_svm_speech_30_sitofp_32ns_32_2_no_dsp_1_43 |          3 |          3 |       0 |    0 |    4 |      0 |      0 |          0 |
|             svm_speech_30_sitofp_32ns_32_2_no_dsp_1_ip_u          |                        bd_0_hls_inst_0_svm_speech_30_sitofp_32ns_32_2_no_dsp_1_ip_106 |        134 |        134 |       0 |    0 |    0 |      0 |      0 |          0 |
|           sitofp_32ns_32_2_no_dsp_1_U52                           |                            bd_0_hls_inst_0_svm_speech_30_sitofp_32ns_32_2_no_dsp_1_44 |        137 |        137 |       0 |    0 |    4 |      0 |      0 |          0 |
|             (sitofp_32ns_32_2_no_dsp_1_U52)                       |                            bd_0_hls_inst_0_svm_speech_30_sitofp_32ns_32_2_no_dsp_1_44 |          3 |          3 |       0 |    0 |    4 |      0 |      0 |          0 |
|             svm_speech_30_sitofp_32ns_32_2_no_dsp_1_ip_u          |                         bd_0_hls_inst_0_svm_speech_30_sitofp_32ns_32_2_no_dsp_1_ip_93 |        134 |        134 |       0 |    0 |    0 |      0 |      0 |          0 |
|           sitofp_32ns_32_2_no_dsp_1_U53                           |                            bd_0_hls_inst_0_svm_speech_30_sitofp_32ns_32_2_no_dsp_1_45 |        137 |        137 |       0 |    0 |    4 |      0 |      0 |          0 |
|             (sitofp_32ns_32_2_no_dsp_1_U53)                       |                            bd_0_hls_inst_0_svm_speech_30_sitofp_32ns_32_2_no_dsp_1_45 |          3 |          3 |       0 |    0 |    4 |      0 |      0 |          0 |
|             svm_speech_30_sitofp_32ns_32_2_no_dsp_1_ip_u          |                            bd_0_hls_inst_0_svm_speech_30_sitofp_32ns_32_2_no_dsp_1_ip |        134 |        134 |       0 |    0 |    0 |      0 |      0 |          0 |
|           tmp_35_rtIsNaNF_fu_4199                                 |                                             bd_0_hls_inst_0_svm_speech_30_rtIsNaNF_46 |         83 |         83 |       0 |    0 |    0 |      0 |      0 |          0 |
|             fpext_32ns_64_1_no_dsp_1_U21                          |                             bd_0_hls_inst_0_svm_speech_30_fpext_32ns_64_1_no_dsp_1_84 |         83 |         83 |       0 |    0 |    0 |      0 |      0 |          0 |
|           tmp_37_rtIsNaNF_fu_4204                                 |                                             bd_0_hls_inst_0_svm_speech_30_rtIsNaNF_47 |         83 |         83 |       0 |    0 |    0 |      0 |      0 |          0 |
|             fpext_32ns_64_1_no_dsp_1_U21                          |                             bd_0_hls_inst_0_svm_speech_30_fpext_32ns_64_1_no_dsp_1_76 |         83 |         83 |       0 |    0 |    0 |      0 |      0 |          0 |
|           tmp_42_rtIsNaNF_fu_4209                                 |                                             bd_0_hls_inst_0_svm_speech_30_rtIsNaNF_48 |         82 |         82 |       0 |    0 |    0 |      0 |      0 |          0 |
|             fpext_32ns_64_1_no_dsp_1_U21                          |                             bd_0_hls_inst_0_svm_speech_30_fpext_32ns_64_1_no_dsp_1_68 |         82 |         82 |       0 |    0 |    0 |      0 |      0 |          0 |
|           tmp_47_rtIsNaNF_fu_4214                                 |                                             bd_0_hls_inst_0_svm_speech_30_rtIsNaNF_49 |        108 |        108 |       0 |    0 |    0 |      0 |      0 |          0 |
|             fpext_32ns_64_1_no_dsp_1_U21                          |                             bd_0_hls_inst_0_svm_speech_30_fpext_32ns_64_1_no_dsp_1_60 |        108 |        108 |       0 |    0 |    0 |      0 |      0 |          0 |
|           tmp_52_rtIsNaNF_fu_4219                                 |                                             bd_0_hls_inst_0_svm_speech_30_rtIsNaNF_50 |         82 |         82 |       0 |    0 |    0 |      0 |      0 |          0 |
|             fpext_32ns_64_1_no_dsp_1_U21                          |                             bd_0_hls_inst_0_svm_speech_30_fpext_32ns_64_1_no_dsp_1_52 |         82 |         82 |       0 |    0 |    0 |      0 |      0 |          0 |
|           tmp_56_rtIsNaNF_fu_4224                                 |                                             bd_0_hls_inst_0_svm_speech_30_rtIsNaNF_51 |         82 |         82 |       0 |    0 |    0 |      0 |      0 |          0 |
|             fpext_32ns_64_1_no_dsp_1_U21                          |                                bd_0_hls_inst_0_svm_speech_30_fpext_32ns_64_1_no_dsp_1 |         82 |         82 |       0 |    0 |    0 |      0 |      0 |          0 |
|         grp_svm_speech_30_Pipeline_10_fu_1482                     |                               bd_0_hls_inst_0_svm_speech_30_svm_speech_30_Pipeline_10 |         87 |         87 |       0 |    0 |   14 |      1 |      0 |          0 |
|           (grp_svm_speech_30_Pipeline_10_fu_1482)                 |                               bd_0_hls_inst_0_svm_speech_30_svm_speech_30_Pipeline_10 |         20 |         20 |       0 |    0 |   12 |      0 |      0 |          0 |
|           dv9_U                                                   |               bd_0_hls_inst_0_svm_speech_30_svm_speech_30_Pipeline_10_dv9_ROM_AUTO_1R |         52 |         52 |       0 |    0 |    0 |      1 |      0 |          0 |
|           flow_control_loop_pipe_sequential_init_U                |                bd_0_hls_inst_0_svm_speech_30_flow_control_loop_pipe_sequential_init_8 |         15 |         15 |       0 |    0 |    2 |      0 |      0 |          0 |
|         grp_svm_speech_30_Pipeline_1_fu_1419                      |                                bd_0_hls_inst_0_svm_speech_30_svm_speech_30_Pipeline_1 |         74 |         74 |       0 |    0 |   15 |      1 |      0 |          0 |
|           (grp_svm_speech_30_Pipeline_1_fu_1419)                  |                                bd_0_hls_inst_0_svm_speech_30_svm_speech_30_Pipeline_1 |          1 |          1 |       0 |    0 |   13 |      0 |      0 |          0 |
|           dv_U                                                    |                 bd_0_hls_inst_0_svm_speech_30_svm_speech_30_Pipeline_1_dv_ROM_AUTO_1R |         58 |         58 |       0 |    0 |    0 |      1 |      0 |          0 |
|           flow_control_loop_pipe_sequential_init_U                |                bd_0_hls_inst_0_svm_speech_30_flow_control_loop_pipe_sequential_init_7 |         15 |         15 |       0 |    0 |    2 |      0 |      0 |          0 |
|         grp_svm_speech_30_Pipeline_2_fu_1426                      |                                bd_0_hls_inst_0_svm_speech_30_svm_speech_30_Pipeline_2 |         40 |         40 |       0 |    0 |   14 |      1 |      0 |          0 |
|           (grp_svm_speech_30_Pipeline_2_fu_1426)                  |                                bd_0_hls_inst_0_svm_speech_30_svm_speech_30_Pipeline_2 |          9 |          9 |       0 |    0 |   12 |      0 |      0 |          0 |
|           dv1_U                                                   |                bd_0_hls_inst_0_svm_speech_30_svm_speech_30_Pipeline_2_dv1_ROM_AUTO_1R |         16 |         16 |       0 |    0 |    0 |      1 |      0 |          0 |
|           flow_control_loop_pipe_sequential_init_U                |                bd_0_hls_inst_0_svm_speech_30_flow_control_loop_pipe_sequential_init_6 |         15 |         15 |       0 |    0 |    2 |      0 |      0 |          0 |
|         grp_svm_speech_30_Pipeline_3_fu_1433                      |                                bd_0_hls_inst_0_svm_speech_30_svm_speech_30_Pipeline_3 |         27 |         27 |       0 |    0 |   14 |      1 |      0 |          0 |
|           (grp_svm_speech_30_Pipeline_3_fu_1433)                  |                                bd_0_hls_inst_0_svm_speech_30_svm_speech_30_Pipeline_3 |          8 |          8 |       0 |    0 |   12 |      0 |      0 |          0 |
|           dv2_U                                                   |                bd_0_hls_inst_0_svm_speech_30_svm_speech_30_Pipeline_3_dv2_ROM_AUTO_1R |          4 |          4 |       0 |    0 |    0 |      1 |      0 |          0 |
|           flow_control_loop_pipe_sequential_init_U                |                bd_0_hls_inst_0_svm_speech_30_flow_control_loop_pipe_sequential_init_5 |         15 |         15 |       0 |    0 |    2 |      0 |      0 |          0 |
|         grp_svm_speech_30_Pipeline_4_fu_1440                      |                                bd_0_hls_inst_0_svm_speech_30_svm_speech_30_Pipeline_4 |         96 |         96 |       0 |    0 |   14 |      1 |      0 |          0 |
|           (grp_svm_speech_30_Pipeline_4_fu_1440)                  |                                bd_0_hls_inst_0_svm_speech_30_svm_speech_30_Pipeline_4 |         13 |         13 |       0 |    0 |   12 |      0 |      0 |          0 |
|           dv3_U                                                   |                bd_0_hls_inst_0_svm_speech_30_svm_speech_30_Pipeline_4_dv3_ROM_AUTO_1R |         68 |         68 |       0 |    0 |    0 |      1 |      0 |          0 |
|           flow_control_loop_pipe_sequential_init_U                |                bd_0_hls_inst_0_svm_speech_30_flow_control_loop_pipe_sequential_init_4 |         15 |         15 |       0 |    0 |    2 |      0 |      0 |          0 |
|         grp_svm_speech_30_Pipeline_5_fu_1447                      |                                bd_0_hls_inst_0_svm_speech_30_svm_speech_30_Pipeline_5 |         50 |         50 |       0 |    0 |   14 |      1 |      0 |          0 |
|           (grp_svm_speech_30_Pipeline_5_fu_1447)                  |                                bd_0_hls_inst_0_svm_speech_30_svm_speech_30_Pipeline_5 |          7 |          7 |       0 |    0 |   12 |      0 |      0 |          0 |
|           dv4_U                                                   |                bd_0_hls_inst_0_svm_speech_30_svm_speech_30_Pipeline_5_dv4_ROM_AUTO_1R |         28 |         28 |       0 |    0 |    0 |      1 |      0 |          0 |
|           flow_control_loop_pipe_sequential_init_U                |                bd_0_hls_inst_0_svm_speech_30_flow_control_loop_pipe_sequential_init_3 |         15 |         15 |       0 |    0 |    2 |      0 |      0 |          0 |
|         grp_svm_speech_30_Pipeline_6_fu_1454                      |                                bd_0_hls_inst_0_svm_speech_30_svm_speech_30_Pipeline_6 |         22 |         22 |       0 |    0 |   14 |      1 |      0 |          0 |
|           (grp_svm_speech_30_Pipeline_6_fu_1454)                  |                                bd_0_hls_inst_0_svm_speech_30_svm_speech_30_Pipeline_6 |          7 |          7 |       0 |    0 |   12 |      0 |      0 |          0 |
|           dv5_U                                                   |                bd_0_hls_inst_0_svm_speech_30_svm_speech_30_Pipeline_6_dv5_ROM_AUTO_1R |          0 |          0 |       0 |    0 |    0 |      1 |      0 |          0 |
|           flow_control_loop_pipe_sequential_init_U                |                bd_0_hls_inst_0_svm_speech_30_flow_control_loop_pipe_sequential_init_2 |         15 |         15 |       0 |    0 |    2 |      0 |      0 |          0 |
|         grp_svm_speech_30_Pipeline_7_fu_1461                      |                                bd_0_hls_inst_0_svm_speech_30_svm_speech_30_Pipeline_7 |         79 |         79 |       0 |    0 |   14 |      1 |      0 |          0 |
|           (grp_svm_speech_30_Pipeline_7_fu_1461)                  |                                bd_0_hls_inst_0_svm_speech_30_svm_speech_30_Pipeline_7 |         22 |         22 |       0 |    0 |   12 |      0 |      0 |          0 |
|           dv6_U                                                   |                bd_0_hls_inst_0_svm_speech_30_svm_speech_30_Pipeline_7_dv6_ROM_AUTO_1R |         42 |         42 |       0 |    0 |    0 |      1 |      0 |          0 |
|           flow_control_loop_pipe_sequential_init_U                |                bd_0_hls_inst_0_svm_speech_30_flow_control_loop_pipe_sequential_init_1 |         15 |         15 |       0 |    0 |    2 |      0 |      0 |          0 |
|         grp_svm_speech_30_Pipeline_8_fu_1468                      |                                bd_0_hls_inst_0_svm_speech_30_svm_speech_30_Pipeline_8 |         21 |         21 |       0 |    0 |   14 |      1 |      0 |          0 |
|           (grp_svm_speech_30_Pipeline_8_fu_1468)                  |                                bd_0_hls_inst_0_svm_speech_30_svm_speech_30_Pipeline_8 |          6 |          6 |       0 |    0 |   12 |      0 |      0 |          0 |
|           dv7_U                                                   |                bd_0_hls_inst_0_svm_speech_30_svm_speech_30_Pipeline_8_dv7_ROM_AUTO_1R |          0 |          0 |       0 |    0 |    0 |      1 |      0 |          0 |
|           flow_control_loop_pipe_sequential_init_U                |                bd_0_hls_inst_0_svm_speech_30_flow_control_loop_pipe_sequential_init_0 |         15 |         15 |       0 |    0 |    2 |      0 |      0 |          0 |
|         grp_svm_speech_30_Pipeline_9_fu_1475                      |                                bd_0_hls_inst_0_svm_speech_30_svm_speech_30_Pipeline_9 |         73 |         73 |       0 |    0 |   14 |      1 |      0 |          0 |
|           (grp_svm_speech_30_Pipeline_9_fu_1475)                  |                                bd_0_hls_inst_0_svm_speech_30_svm_speech_30_Pipeline_9 |          3 |          3 |       0 |    0 |   12 |      0 |      0 |          0 |
|           dv8_U                                                   |                bd_0_hls_inst_0_svm_speech_30_svm_speech_30_Pipeline_9_dv8_ROM_AUTO_1R |         55 |         55 |       0 |    0 |    0 |      1 |      0 |          0 |
|           flow_control_loop_pipe_sequential_init_U                |                  bd_0_hls_inst_0_svm_speech_30_flow_control_loop_pipe_sequential_init |         15 |         15 |       0 |    0 |    2 |      0 |      0 |          0 |
|         inputpart1_s_axi_U                                        |                                        bd_0_hls_inst_0_svm_speech_30_inputpart1_s_axi |        244 |        244 |       0 |    0 |  300 |      0 |      0 |          0 |
|         inputpart2_s_axi_U                                        |                                        bd_0_hls_inst_0_svm_speech_30_inputpart2_s_axi |        244 |        244 |       0 |    0 |  300 |      0 |      0 |          0 |
|         inputpart3_s_axi_U                                        |                                        bd_0_hls_inst_0_svm_speech_30_inputpart3_s_axi |        244 |        244 |       0 |    0 |  300 |      0 |      0 |          0 |
|         inputpart4_s_axi_U                                        |                                        bd_0_hls_inst_0_svm_speech_30_inputpart4_s_axi |        244 |        244 |       0 |    0 |  300 |      0 |      0 |          0 |
+-------------------------------------------------------------------+---------------------------------------------------------------------------------------+------------+------------+---------+------+------+--------+--------+------------+


